../GLCD/GLCD.c:36:13:delay_ms	24	static
../GLCD/GLCD.c:55:13:wait_delay	16	static
../GLCD/GLCD.c:68:13:LCD_Configuration	32	static
../GLCD/GLCD.c:123:6:LCD_WriteIndex	16	static
../GLCD/GLCD.c:148:6:LCD_WriteData	16	static
../GLCD/GLCD.c:170:16:LCD_ReadData	16	static
../GLCD/GLCD.c:223:6:LCD_WriteReg	16	static
../GLCD/GLCD.c:246:16:LCD_ReadReg	24	static
../GLCD/GLCD.c:273:6:LCD_SetCursor	16	static
../GLCD/GLCD.c:280:13:LCD_reset_sequence	8	static
../GLCD/GLCD.c:299:6:LCD_Initializtion	64	static
../GLCD/GLCD.c:467:6:LCD_Clear	24	static
../GLCD/GLCD.c:495:16:LCD_BGR2RGB	24	static
../GLCD/GLCD.c:517:16:LCD_GetPoint	24	static
../GLCD/GLCD.c:548:6:LCD_SetPoint	16	static
../GLCD/GLCD.c:571:6:LCD_DrawLine	32	static
../GLCD/GLCD.c:665:6:PutChar	48	static
../GLCD/GLCD.c:701:6:GUI_Text	48	static
../GLCD/GLCD.c:739:9:PutCharArial_18pt	96	static
../GLCD/GLCD.c:803:6:GUI_TextArial_18pt	48	static
../GLCD/GLCD.c:843:9:PutCharArial_22pt	96	static
../GLCD/GLCD.c:907:6:GUI_TextArial_22pt	48	static
../GLCD/GLCD.c:947:9:PutCharArial_30pt	96	static
../GLCD/GLCD.c:1011:6:GUI_TextArial_30pt	48	static
../GLCD/GLCD.c:1038:6:Draw_BMP	40	static
../GLCD/GLCD.c:1055:9:Draw_BMP_Slice	48	static
../GLCD/GLCD.c:1138:9:Draw_BMP_Fast	48	static
../GLCD/GLCD.c:1205:9:Draw_BMP_Fast_NO_BackGround	48	static
../GLCD/GLCD.c:1278:6:Draw_Circle	48	static
../GLCD/GLCD.c:1313:6:Draw_FillCircle	32	static
