Archive member included to satisfy reference by file (symbol)

c:/st/stm32cubeide_1.9.0/stm32cubeide/plugins/com.st.stm32cube.ide.mcu.externaltools.gnu-tools-for-stm32.10.3-2021.10.win32_1.0.0.202111181127/tools/bin/../lib/gcc/arm-none-eabi/10.3.1/../../../../arm-none-eabi/lib/thumb/v7-m/nofp\libc_nano.a(lib_a-errno.o)
                              ./Core/Src/syscalls.o (__errno)
c:/st/stm32cubeide_1.9.0/stm32cubeide/plugins/com.st.stm32cube.ide.mcu.externaltools.gnu-tools-for-stm32.10.3-2021.10.win32_1.0.0.202111181127/tools/bin/../lib/gcc/arm-none-eabi/10.3.1/../../../../arm-none-eabi/lib/thumb/v7-m/nofp\libc_nano.a(lib_a-exit.o)
                              c:/st/stm32cubeide_1.9.0/stm32cubeide/plugins/com.st.stm32cube.ide.mcu.externaltools.gnu-tools-for-stm32.10.3-2021.10.win32_1.0.0.202111181127/tools/bin/../lib/gcc/arm-none-eabi/10.3.1/../../../../arm-none-eabi/lib/thumb/v7-m/nofp/crt0.o (exit)
c:/st/stm32cubeide_1.9.0/stm32cubeide/plugins/com.st.stm32cube.ide.mcu.externaltools.gnu-tools-for-stm32.10.3-2021.10.win32_1.0.0.202111181127/tools/bin/../lib/gcc/arm-none-eabi/10.3.1/../../../../arm-none-eabi/lib/thumb/v7-m/nofp\libc_nano.a(lib_a-impure.o)
                              c:/st/stm32cubeide_1.9.0/stm32cubeide/plugins/com.st.stm32cube.ide.mcu.externaltools.gnu-tools-for-stm32.10.3-2021.10.win32_1.0.0.202111181127/tools/bin/../lib/gcc/arm-none-eabi/10.3.1/../../../../arm-none-eabi/lib/thumb/v7-m/nofp\libc_nano.a(lib_a-exit.o) (_global_impure_ptr)
c:/st/stm32cubeide_1.9.0/stm32cubeide/plugins/com.st.stm32cube.ide.mcu.externaltools.gnu-tools-for-stm32.10.3-2021.10.win32_1.0.0.202111181127/tools/bin/../lib/gcc/arm-none-eabi/10.3.1/../../../../arm-none-eabi/lib/thumb/v7-m/nofp\libc_nano.a(lib_a-init.o)
                              c:/st/stm32cubeide_1.9.0/stm32cubeide/plugins/com.st.stm32cube.ide.mcu.externaltools.gnu-tools-for-stm32.10.3-2021.10.win32_1.0.0.202111181127/tools/bin/../lib/gcc/arm-none-eabi/10.3.1/../../../../arm-none-eabi/lib/thumb/v7-m/nofp/crt0.o (__libc_init_array)
c:/st/stm32cubeide_1.9.0/stm32cubeide/plugins/com.st.stm32cube.ide.mcu.externaltools.gnu-tools-for-stm32.10.3-2021.10.win32_1.0.0.202111181127/tools/bin/../lib/gcc/arm-none-eabi/10.3.1/../../../../arm-none-eabi/lib/thumb/v7-m/nofp\libc_nano.a(lib_a-memcpy-stub.o)
                              ./GLCD/AsciiLib.o (memcpy)
c:/st/stm32cubeide_1.9.0/stm32cubeide/plugins/com.st.stm32cube.ide.mcu.externaltools.gnu-tools-for-stm32.10.3-2021.10.win32_1.0.0.202111181127/tools/bin/../lib/gcc/arm-none-eabi/10.3.1/../../../../arm-none-eabi/lib/thumb/v7-m/nofp\libc_nano.a(lib_a-memset.o)
                              c:/st/stm32cubeide_1.9.0/stm32cubeide/plugins/com.st.stm32cube.ide.mcu.externaltools.gnu-tools-for-stm32.10.3-2021.10.win32_1.0.0.202111181127/tools/bin/../lib/gcc/arm-none-eabi/10.3.1/../../../../arm-none-eabi/lib/thumb/v7-m/nofp/crt0.o (memset)
c:/st/stm32cubeide_1.9.0/stm32cubeide/plugins/com.st.stm32cube.ide.mcu.externaltools.gnu-tools-for-stm32.10.3-2021.10.win32_1.0.0.202111181127/tools/bin/../lib/gcc/arm-none-eabi/10.3.1/../../../../arm-none-eabi/lib/thumb/v7-m/nofp\libc_nano.a(lib_a-sprintf.o)
                              ./Core/Src/main.o (sprintf)
c:/st/stm32cubeide_1.9.0/stm32cubeide/plugins/com.st.stm32cube.ide.mcu.externaltools.gnu-tools-for-stm32.10.3-2021.10.win32_1.0.0.202111181127/tools/bin/../lib/gcc/arm-none-eabi/10.3.1/../../../../arm-none-eabi/lib/thumb/v7-m/nofp\libc_nano.a(lib_a-nano-svfprintf.o)
                              c:/st/stm32cubeide_1.9.0/stm32cubeide/plugins/com.st.stm32cube.ide.mcu.externaltools.gnu-tools-for-stm32.10.3-2021.10.win32_1.0.0.202111181127/tools/bin/../lib/gcc/arm-none-eabi/10.3.1/../../../../arm-none-eabi/lib/thumb/v7-m/nofp\libc_nano.a(lib_a-sprintf.o) (_svfprintf_r)
c:/st/stm32cubeide_1.9.0/stm32cubeide/plugins/com.st.stm32cube.ide.mcu.externaltools.gnu-tools-for-stm32.10.3-2021.10.win32_1.0.0.202111181127/tools/bin/../lib/gcc/arm-none-eabi/10.3.1/../../../../arm-none-eabi/lib/thumb/v7-m/nofp\libc_nano.a(lib_a-nano-vfprintf_i.o)
                              c:/st/stm32cubeide_1.9.0/stm32cubeide/plugins/com.st.stm32cube.ide.mcu.externaltools.gnu-tools-for-stm32.10.3-2021.10.win32_1.0.0.202111181127/tools/bin/../lib/gcc/arm-none-eabi/10.3.1/../../../../arm-none-eabi/lib/thumb/v7-m/nofp\libc_nano.a(lib_a-nano-svfprintf.o) (_printf_i)
c:/st/stm32cubeide_1.9.0/stm32cubeide/plugins/com.st.stm32cube.ide.mcu.externaltools.gnu-tools-for-stm32.10.3-2021.10.win32_1.0.0.202111181127/tools/bin/../lib/gcc/arm-none-eabi/10.3.1/../../../../arm-none-eabi/lib/thumb/v7-m/nofp\libc_nano.a(lib_a-memchr-stub.o)
                              c:/st/stm32cubeide_1.9.0/stm32cubeide/plugins/com.st.stm32cube.ide.mcu.externaltools.gnu-tools-for-stm32.10.3-2021.10.win32_1.0.0.202111181127/tools/bin/../lib/gcc/arm-none-eabi/10.3.1/../../../../arm-none-eabi/lib/thumb/v7-m/nofp\libc_nano.a(lib_a-nano-svfprintf.o) (memchr)
[...]
Memory Configuration

Name             Origin             Length             Attributes
RAM              0x0000000020000000 0x0000000000018000 xrw
FLASH            0x0000000008000000 0x0000000000100000 xr
*default*        0x0000000000000000 0xffffffffffffffff

Linker script and memory map

LOAD c:/st/stm32cubeide_1.9.0/stm32cubeide/plugins/com.st.stm32cube.ide.mcu.externaltools.gnu-tools-for-stm32.10.3-2021.10.win32_1.0.0.202111181127/tools/bin/../lib/gcc/arm-none-eabi/10.3.1/thumb/v7-m/nofp/crti.o
LOAD c:/st/stm32cubeide_1.9.0/stm32cubeide/plugins/com.st.stm32cube.ide.mcu.externaltools.gnu-tools-for-stm32.10.3-2021.10.win32_1.0.0.202111181127/tools/bin/../lib/gcc/arm-none-eabi/10.3.1/thumb/v7-m/nofp/crtbegin.o
LOAD c:/st/stm32cubeide_1.9.0/stm32cubeide/plugins/com.st.stm32cube.ide.mcu.externaltools.gnu-tools-for-stm32.10.3-2021.10.win32_1.0.0.202111181127/tools/bin/../lib/gcc/arm-none-eabi/10.3.1/../../../../arm-none-eabi/lib/thumb/v7-m/nofp/crt0.o
LOAD ./Core/Src/main.o
LOAD ./Core/Src/stm32f1xx_hal_msp.o
LOAD ./Core/Src/stm32f1xx_it.o
LOAD ./Core/Src/syscalls.o
LOAD ./Core/Src/sysmem.o
LOAD ./Core/Src/system_stm32f1xx.o
LOAD ./Core/Startup/startup_stm32f103vgtx.o
LOAD ./Drivers/STM32F1xx_HAL_Driver/Src/stm32f1xx_hal.o
LOAD ./Drivers/STM32F1xx_HAL_Driver/Src/stm32f1xx_hal_cortex.o
LOAD ./Drivers/STM32F1xx_HAL_Driver/Src/stm32f1xx_hal_dma.o
LOAD ./Drivers/STM32F1xx_HAL_Driver/Src/stm32f1xx_hal_exti.o
LOAD ./Drivers/STM32F1xx_HAL_Driver/Src/stm32f1xx_hal_flash.o
LOAD ./Drivers/STM32F1xx_HAL_Driver/Src/stm32f1xx_hal_flash_ex.o
LOAD ./Drivers/STM32F1xx_HAL_Driver/Src/stm32f1xx_hal_gpio.o
LOAD ./Drivers/STM32F1xx_HAL_Driver/Src/stm32f1xx_hal_gpio_ex.o
LOAD ./Drivers/STM32F1xx_HAL_Driver/Src/stm32f1xx_hal_pwr.o
LOAD ./Drivers/STM32F1xx_HAL_Driver/Src/stm32f1xx_hal_rcc.o
LOAD ./Drivers/STM32F1xx_HAL_Driver/Src/stm32f1xx_hal_rcc_ex.o
LOAD ./Drivers/STM32F1xx_HAL_Driver/Src/stm32f1xx_hal_tim.o
LOAD ./Drivers/STM32F1xx_HAL_Driver/Src/stm32f1xx_hal_tim_ex.o
LOAD ./GLCD/ArialFont.o
LOAD ./GLCD/ArialFont22pt.o
LOAD ./GLCD/ArialFont30pt.o
LOAD ./GLCD/AsciiLib.o
LOAD ./GLCD/GLCD.o
LOAD ./GUI_Images/Common/MainBG.o
LOAD ./GUI_Images/Common/arrowdown.o
LOAD ./GUI_Images/Common/arrowup.o
START GROUP
LOAD c:/st/stm32cubeide_1.9.0/stm32cubeide/plugins/com.st.stm32cube.ide.mcu.externaltools.gnu-tools-for-stm32.10.3-2021.10.win32_1.0.0.202111181127/tools/bin/../lib/gcc/arm-none-eabi/10.3.1/../../../../arm-none-eabi/lib/thumb/v7-m/nofp\libc_nano.a
LOAD c:/st/stm32cubeide_1.9.0/stm32cubeide/plugins/com.st.stm32cube.ide.mcu.externaltools.gnu-tools-for-stm32.10.3-2021.10.win32_1.0.0.202111181127/tools/bin/../lib/gcc/arm-none-eabi/10.3.1/../../../../arm-none-eabi/lib/thumb/v7-m/nofp\libm.a
END GROUP
START GROUP
LOAD c:/st/stm32cubeide_1.9.0/stm32cubeide/plugins/com.st.stm32cube.ide.mcu.externaltools.gnu-tools-for-stm32.10.3-2021.10.win32_1.0.0.202111181127/tools/bin/../lib/gcc/arm-none-eabi/10.3.1/thumb/v7-m/nofp\libgcc.a
LOAD c:/st/stm32cubeide_1.9.0/stm32cubeide/plugins/com.st.stm32cube.ide.mcu.externaltools.gnu-tools-for-stm32.10.3-2021.10.win32_1.0.0.202111181127/tools/bin/../lib/gcc/arm-none-eabi/10.3.1/../../../../arm-none-eabi/lib/thumb/v7-m/nofp\libc_nano.a
END GROUP
START GROUP
LOAD c:/st/stm32cubeide_1.9.0/stm32cubeide/plugins/com.st.stm32cube.ide.mcu.externaltools.gnu-tools-for-stm32.10.3-2021.10.win32_1.0.0.202111181127/tools/bin/../lib/gcc/arm-none-eabi/10.3.1/thumb/v7-m/nofp\libgcc.a
LOAD c:/st/stm32cubeide_1.9.0/stm32cubeide/plugins/com.st.stm32cube.ide.mcu.externaltools.gnu-tools-for-stm32.10.3-2021.10.win32_1.0.0.202111181127/tools/bin/../lib/gcc/arm-none-eabi/10.3.1/../../../../arm-none-eabi/lib/thumb/v7-m/nofp\libc_nano.a
LOAD c:/st/stm32cubeide_1.9.0/stm32cubeide/plugins/com.st.stm32cube.ide.mcu.externaltools.gnu-tools-for-stm32.10.3-2021.10.win32_1.0.0.202111181127/tools/bin/../lib/gcc/arm-none-eabi/10.3.1/../../../../arm-none-eabi/lib/thumb/v7-m/nofp\libnosys.a
END GROUP
START GROUP
LOAD c:/st/stm32cubeide_1.9.0/stm32cubeide/plugins/com.st.stm32cube.ide.mcu.externaltools.gnu-tools-for-stm32.10.3-2021.10.win32_1.0.0.202111181127/tools/bin/../lib/gcc/arm-none-eabi/10.3.1/thumb/v7-m/nofp\libgcc.a
LOAD c:/st/stm32cubeide_1.9.0/stm32cubeide/plugins/com.st.stm32cube.ide.mcu.externaltools.gnu-tools-for-stm32.10.3-2021.10.win32_1.0.0.202111181127/tools/bin/../lib/gcc/arm-none-eabi/10.3.1/../../../../arm-none-eabi/lib/thumb/v7-m/nofp\libc_nano.a
LOAD c:/st/stm32cubeide_1.9.0/stm32cubeide/plugins/com.st.stm32cube.ide.mcu.externaltools.gnu-tools-for-stm32.10.3-2021.10.win32_1.0.0.202111181127/tools/bin/../lib/gcc/arm-none-eabi/10.3.1/../../../../arm-none-eabi/lib/thumb/v7-m/nofp\libnosys.a
END GROUP
LOAD c:/st/stm32cubeide_1.9.0/stm32cubeide/plugins/com.st.stm32cube.ide.mcu.externaltools.gnu-tools-for-stm32.10.3-2021.10.win32_1.0.0.202111181127/tools/bin/../lib/gcc/arm-none-eabi/10.3.1/thumb/v7-m/nofp/crtend.o
LOAD c:/st/stm32cubeide_1.9.0/stm32cubeide/plugins/com.st.stm32cube.ide.mcu.externaltools.gnu-tools-for-stm32.10.3-2021.10.win32_1.0.0.202111181127/tools/bin/../lib/gcc/arm-none-eabi/10.3.1/thumb/v7-m/nofp/crtn.o
                0x0000000020018000                _estack = (ORIGIN (RAM) + LENGTH (RAM))
                0x0000000000000200                _Min_Heap_Size = 0x200
                0x0000000000000400                _Min_Stack_Size = 0x400

.isr_vector     0x0000000008000000      0x1e4
                0x0000000008000000                . = ALIGN (0x4)
 *(.isr_vector)
 .isr_vector    0x0000000008000000      0x1e4 ./Core/Startup/startup_stm32f103vgtx.o
                0x0000000008000000                g_pfnVectors
                0x00000000080001e4                . = ALIGN (0x4)

.text           0x00000000080001e4     0x5470
                0x00000000080001e4                . = ALIGN (0x4)
 *(.text)
 .text          0x00000000080001e4       0x40 c:/st/stm32cubeide_1.9.0/stm32cubeide/plugins/com.st.stm32cube.ide.mcu.externaltools.gnu-tools-for-stm32.10.3-2021.10.win32_1.0.0.202111181127/tools/bin/../lib/gcc/arm-none-eabi/10.3.1/thumb/v7-m/nofp/crtbegin.o
 .text          0x0000000008000224      0x378 c:/st/stm32cubeide_1.9.0/stm32cubeide/plugins/com.st.stm32cube.ide.mcu.externaltools.gnu-tools-for-stm32.10.3-2021.10.win32_1.0.0.202111181127/tools/bin/../lib/gcc/arm-none-eabi/10.3.1/thumb/v7-m/nofp\libgcc.a(_arm_addsubdf3.o)
                0x0000000008000224                __aeabi_drsub
                0x000000000800022c                __aeabi_dsub
                0x000000000800022c                __subdf3
                0x0000000008000230                __aeabi_dadd
                0x0000000008000230                __adddf3
                0x00000000080004a8                __floatunsidf
                0x00000000080004a8                __aeabi_ui2d
                0x00000000080004c8                __floatsidf
                0x00000000080004c8                __aeabi_i2d
                0x00000000080004ec                __aeabi_f2d
                0x00000000080004ec                __extendsfdf2
                0x0000000008000530                __floatundidf
                0x0000000008000530                __aeabi_ul2d
                0x0000000008000540                __floatdidf
                0x0000000008000540                __aeabi_l2d
 .text          0x000000000800059c      0x424 c:/st/stm32cubeide_1.9.0/stm32cubeide/plugins/com.st.stm32cube.ide.mcu.externaltools.gnu-tools-for-stm32.10.3-2021.10.win32_1.0.0.202111181127/tools/bin/../lib/gcc/arm-none-eabi/10.3.1/thumb/v7-m/nofp\libgcc.a(_arm_muldivdf3.o)
                0x000000000800059c                __aeabi_dmul
                0x000000000800059c                __muldf3
                0x00000000080007f0                __divdf3
                0x00000000080007f0                __aeabi_ddiv
 .text          0x00000000080009c0       0xa0 c:/st/stm32cubeide_1.9.0/stm32cubeide/plugins/com.st.stm32cube.ide.mcu.externaltools.gnu-tools-for-stm32.10.3-2021.10.win32_1.0.0.202111181127/tools/bin/../lib/gcc/arm-none-eabi/10.3.1/thumb/v7-m/nofp\libgcc.a(_arm_truncdfsf2.o)
                0x00000000080009c0                __truncdfsf2
                0x00000000080009c0                __aeabi_d2f
 .text          0x0000000008000a60       0x40 c:/st/stm32cubeide_1.9.0/stm32cubeide/plugins/com.st.stm32cube.ide.mcu.externaltools.gnu-tools-for-stm32.10.3-2021.10.win32_1.0.0.202111181127/tools/bin/../lib/gcc/arm-none-eabi/10.3.1/thumb/v7-m/nofp\libgcc.a(_arm_fixunssfsi.o)
                0x0000000008000a60                __fixunssfsi
                0x0000000008000a60                __aeabi_f2uiz
 *(.text*)
 .text.delayus  0x0000000008000aa0       0x34 ./Core/Src/main.o
                0x0000000008000aa0                delayus
 .text.LH_signal
                0x0000000008000ad4       0x38 ./Core/Src/main.o
                0x0000000008000ad4                LH_signal
 .text.write_bit
                0x0000000008000b0c       0x2a ./Core/Src/main.o
                0x0000000008000b0c                write_bit
 .text.write_byte
                0x0000000008000b36       0x3c ./Core/Src/main.o
                0x0000000008000b36                write_byte
 *fill*         0x0000000008000b72        0x2 
 .text.A9_as_INPUT
                0x0000000008000b74       0x40 ./Core/Src/main.o
 .text.A9_as_OUTPUT
                0x0000000008000bb4       0x44 ./Core/Src/main.o
 .text.read_bit
                0x0000000008000bf8       0x44 ./Core/Src/main.o
                0x0000000008000bf8                read_bit
 .text.read_byte
                0x0000000008000c3c       0x3c ./Core/Src/main.o
                0x0000000008000c3c                read_byte
 .text.A9_wait_for_1
                0x0000000008000c78       0x34 ./Core/Src/main.o
                0x0000000008000c78                A9_wait_for_1
 .text.reset    0x0000000008000cac       0x14 ./Core/Src/main.o
                0x0000000008000cac                reset
 .text.get_temperature
                0x0000000008000cc0       0xd8 ./Core/Src/main.o
                0x0000000008000cc0                get_temperature
 .text.HAL_TIM_PeriodElapsedCallback
                0x0000000008000d98       0x78 ./Core/Src/main.o
                0x0000000008000d98                HAL_TIM_PeriodElapsedCallback
 .text.main     0x0000000008000e10      0x248 ./Core/Src/main.o
                0x0000000008000e10                main
 .text.SystemClock_Config
                0x0000000008001058       0x8a ./Core/Src/main.o
                0x0000000008001058                SystemClock_Config
 *fill*         0x00000000080010e2        0x2 
 .text.MX_TIM2_Init
                0x00000000080010e4       0x9c ./Core/Src/main.o
 .text.MX_TIM3_Init
                0x0000000008001180       0x9c ./Core/Src/main.o
 .text.MX_GPIO_Init
                0x000000000800121c      0x1a4 ./Core/Src/main.o
 .text.SetTemperatureBasedOnInput
                0x00000000080013c0       0x40 ./Core/Src/main.o
                0x00000000080013c0                SetTemperatureBasedOnInput
 .text.GetHourIndex
                0x0000000008001400       0xae ./Core/Src/main.o
                0x0000000008001400                GetHourIndex
 *fill*         0x00000000080014ae        0x2 
 .text.ThermoAdjucment
                0x00000000080014b0       0x88 ./Core/Src/main.o
                0x00000000080014b0                ThermoAdjucment
 .text.SyncStateAndSetPoints
                0x0000000008001538       0xb4 ./Core/Src/main.o
                0x0000000008001538                SyncStateAndSetPoints
 .text.ReadKey  0x00000000080015ec      0x1ec ./Core/Src/main.o
                0x00000000080015ec                ReadKey
 .text.ShowTemperature
                0x00000000080017d8       0x70 ./Core/Src/main.o
                0x00000000080017d8                ShowTemperature
 .text.ShowDateAndTime
                0x0000000008001848       0x60 ./Core/Src/main.o
                0x0000000008001848                ShowDateAndTime
 .text.ShowMode
                0x00000000080018a8       0x30 ./Core/Src/main.o
                0x00000000080018a8                ShowMode
 .text.LcdPageOne
                0x00000000080018d8       0x64 ./Core/Src/main.o
                0x00000000080018d8                LcdPageOne
 .text.table_item
                0x000000000800193c      0x1ac ./Core/Src/main.o
                0x000000000800193c                table_item
 .text.LcdDailySchedule
                0x0000000008001ae8      0x238 ./Core/Src/main.o
                0x0000000008001ae8                LcdDailySchedule
 .text.LcdGiveFeedback
                0x0000000008001d20       0xfc ./Core/Src/main.o
                0x0000000008001d20                LcdGiveFeedback
 .text.Error_Handler
                0x0000000008001e1c        0xa ./Core/Src/main.o
                0x0000000008001e1c                Error_Handler
 *fill*         0x0000000008001e26        0x2 
 .text.HAL_MspInit
                0x0000000008001e28       0x64 ./Core/Src/stm32f1xx_hal_msp.o
                0x0000000008001e28                HAL_MspInit
 .text.HAL_TIM_Base_MspInit
                0x0000000008001e8c       0x70 ./Core/Src/stm32f1xx_hal_msp.o
                0x0000000008001e8c                HAL_TIM_Base_MspInit
 .text.NMI_Handler
                0x0000000008001efc        0x6 ./Core/Src/stm32f1xx_it.o
                0x0000000008001efc                NMI_Handler
 .text.HardFault_Handler
                0x0000000008001f02        0x6 ./Core/Src/stm32f1xx_it.o
                0x0000000008001f02                HardFault_Handler
 .text.MemManage_Handler
                0x0000000008001f08        0x6 ./Core/Src/stm32f1xx_it.o
                0x0000000008001f08                MemManage_Handler
 .text.BusFault_Handler
                0x0000000008001f0e        0x6 ./Core/Src/stm32f1xx_it.o
                0x0000000008001f0e                BusFault_Handler
 .text.UsageFault_Handler
                0x0000000008001f14        0x6 ./Core/Src/stm32f1xx_it.o
                0x0000000008001f14                UsageFault_Handler
 .text.SVC_Handler
                0x0000000008001f1a        0xc ./Core/Src/stm32f1xx_it.o
                0x0000000008001f1a                SVC_Handler
 .text.DebugMon_Handler
                0x0000000008001f26        0xc ./Core/Src/stm32f1xx_it.o
                0x0000000008001f26                DebugMon_Handler
 .text.PendSV_Handler
                0x0000000008001f32        0xc ./Core/Src/stm32f1xx_it.o
                0x0000000008001f32                PendSV_Handler
 .text.SysTick_Handler
                0x0000000008001f3e        0xc ./Core/Src/stm32f1xx_it.o
                0x0000000008001f3e                SysTick_Handler
 *fill*         0x0000000008001f4a        0x2 
 .text.TIM2_IRQHandler
                0x0000000008001f4c       0x14 ./Core/Src/stm32f1xx_it.o
                0x0000000008001f4c                TIM2_IRQHandler
 .text._sbrk    0x0000000008001f60       0x6c ./Core/Src/sysmem.o
                0x0000000008001f60                _sbrk
 .text.SystemInit
                0x0000000008001fcc        0xc ./Core/Src/system_stm32f1xx.o
                0x0000000008001fcc                SystemInit
 .text.Reset_Handler
                0x0000000008001fd8       0x48 ./Core/Startup/startup_stm32f103vgtx.o
                0x0000000008001fd8                Reset_Handler
 .text.Default_Handler
                0x0000000008002020        0x2 ./Core/Startup/startup_stm32f103vgtx.o
                0x0000000008002020                RTC_Alarm_IRQHandler
                0x0000000008002020                EXTI2_IRQHandler
                0x0000000008002020                TIM8_CC_IRQHandler
                0x0000000008002020                TIM1_CC_IRQHandler
                0x0000000008002020                TIM6_IRQHandler
                0x0000000008002020                PVD_IRQHandler
                0x0000000008002020                SDIO_IRQHandler
                0x0000000008002020                EXTI3_IRQHandler
                0x0000000008002020                TIM8_TRG_COM_TIM14_IRQHandler
                0x0000000008002020                TIM1_UP_TIM10_IRQHandler
                0x0000000008002020                TIM8_UP_TIM13_IRQHandler
                0x0000000008002020                EXTI0_IRQHandler
                0x0000000008002020                I2C2_EV_IRQHandler
                0x0000000008002020                ADC1_2_IRQHandler
                0x0000000008002020                SPI1_IRQHandler
                0x0000000008002020                TAMPER_IRQHandler
                0x0000000008002020                TIM1_BRK_TIM9_IRQHandler
                0x0000000008002020                DMA2_Channel2_IRQHandler
                0x0000000008002020                DMA1_Channel4_IRQHandler
                0x0000000008002020                USART3_IRQHandler
                0x0000000008002020                RTC_IRQHandler
                0x0000000008002020                DMA1_Channel7_IRQHandler
                0x0000000008002020                CAN1_RX1_IRQHandler
                0x0000000008002020                UART5_IRQHandler
                0x0000000008002020                ADC3_IRQHandler
                0x0000000008002020                TIM4_IRQHandler
                0x0000000008002020                DMA2_Channel1_IRQHandler
                0x0000000008002020                I2C1_EV_IRQHandler
                0x0000000008002020                DMA1_Channel6_IRQHandler
                0x0000000008002020                UART4_IRQHandler
                0x0000000008002020                TIM3_IRQHandler
                0x0000000008002020                RCC_IRQHandler
                0x0000000008002020                TIM8_BRK_TIM12_IRQHandler
                0x0000000008002020                DMA1_Channel1_IRQHandler
                0x0000000008002020                Default_Handler
                0x0000000008002020                EXTI15_10_IRQHandler
                0x0000000008002020                TIM7_IRQHandler
                0x0000000008002020                TIM5_IRQHandler
                0x0000000008002020                EXTI9_5_IRQHandler
                0x0000000008002020                SPI2_IRQHandler
                0x0000000008002020                DMA1_Channel5_IRQHandler
                0x0000000008002020                EXTI4_IRQHandler
                0x0000000008002020                USB_LP_CAN1_RX0_IRQHandler
                0x0000000008002020                USB_HP_CAN1_TX_IRQHandler
                0x0000000008002020                DMA1_Channel3_IRQHandler
                0x0000000008002020                FSMC_IRQHandler
                0x0000000008002020                WWDG_IRQHandler
                0x0000000008002020                TIM1_TRG_COM_TIM11_IRQHandler
                0x0000000008002020                EXTI1_IRQHandler
                0x0000000008002020                DMA2_Channel4_5_IRQHandler
                0x0000000008002020                USART2_IRQHandler
                0x0000000008002020                I2C2_ER_IRQHandler
                0x0000000008002020                DMA1_Channel2_IRQHandler
                0x0000000008002020                CAN1_SCE_IRQHandler
                0x0000000008002020                FLASH_IRQHandler
                0x0000000008002020                USART1_IRQHandler
                0x0000000008002020                SPI3_IRQHandler
                0x0000000008002020                I2C1_ER_IRQHandler
                0x0000000008002020                USBWakeUp_IRQHandler
                0x0000000008002020                DMA2_Channel3_IRQHandler
 *fill*         0x0000000008002022        0x2 
 .text.HAL_Init
                0x0000000008002024       0x2c ./Drivers/STM32F1xx_HAL_Driver/Src/stm32f1xx_hal.o
                0x0000000008002024                HAL_Init
 .text.HAL_InitTick
                0x0000000008002050       0x60 ./Drivers/STM32F1xx_HAL_Driver/Src/stm32f1xx_hal.o
                0x0000000008002050                HAL_InitTick
 .text.HAL_IncTick
                0x00000000080020b0       0x24 ./Drivers/STM32F1xx_HAL_Driver/Src/stm32f1xx_hal.o
                0x00000000080020b0                HAL_IncTick
 .text.HAL_GetTick
                0x00000000080020d4       0x14 ./Drivers/STM32F1xx_HAL_Driver/Src/stm32f1xx_hal.o
                0x00000000080020d4                HAL_GetTick
 .text.HAL_Delay
                0x00000000080020e8       0x48 ./Drivers/STM32F1xx_HAL_Driver/Src/stm32f1xx_hal.o
                0x00000000080020e8                HAL_Delay
 .text.__NVIC_SetPriorityGrouping
                0x0000000008002130       0x48 ./Drivers/STM32F1xx_HAL_Driver/Src/stm32f1xx_hal_cortex.o
 .text.__NVIC_GetPriorityGrouping
                0x0000000008002178       0x1c ./Drivers/STM32F1xx_HAL_Driver/Src/stm32f1xx_hal_cortex.o
 .text.__NVIC_EnableIRQ
                0x0000000008002194       0x38 ./Drivers/STM32F1xx_HAL_Driver/Src/stm32f1xx_hal_cortex.o
 .text.__NVIC_SetPriority
                0x00000000080021cc       0x54 ./Drivers/STM32F1xx_HAL_Driver/Src/stm32f1xx_hal_cortex.o
 .text.NVIC_EncodePriority
                0x0000000008002220       0x64 ./Drivers/STM32F1xx_HAL_Driver/Src/stm32f1xx_hal_cortex.o
 .text.SysTick_Config
                0x0000000008002284       0x44 ./Drivers/STM32F1xx_HAL_Driver/Src/stm32f1xx_hal_cortex.o
 .text.HAL_NVIC_SetPriorityGrouping
                0x00000000080022c8       0x16 ./Drivers/STM32F1xx_HAL_Driver/Src/stm32f1xx_hal_cortex.o
                0x00000000080022c8                HAL_NVIC_SetPriorityGrouping
 .text.HAL_NVIC_SetPriority
                0x00000000080022de       0x38 ./Drivers/STM32F1xx_HAL_Driver/Src/stm32f1xx_hal_cortex.o
                0x00000000080022de                HAL_NVIC_SetPriority
 .text.HAL_NVIC_EnableIRQ
                0x0000000008002316       0x1c ./Drivers/STM32F1xx_HAL_Driver/Src/stm32f1xx_hal_cortex.o
                0x0000000008002316                HAL_NVIC_EnableIRQ
 .text.HAL_SYSTICK_Config
                0x0000000008002332       0x18 ./Drivers/STM32F1xx_HAL_Driver/Src/stm32f1xx_hal_cortex.o
                0x0000000008002332                HAL_SYSTICK_Config
 *fill*         0x000000000800234a        0x2 
 .text.HAL_GPIO_Init
                0x000000000800234c      0x328 ./Drivers/STM32F1xx_HAL_Driver/Src/stm32f1xx_hal_gpio.o
                0x000000000800234c                HAL_GPIO_Init
 .text.HAL_GPIO_ReadPin
                0x0000000008002674       0x2e ./Drivers/STM32F1xx_HAL_Driver/Src/stm32f1xx_hal_gpio.o
                0x0000000008002674                HAL_GPIO_ReadPin
 .text.HAL_GPIO_WritePin
                0x00000000080026a2       0x30 ./Drivers/STM32F1xx_HAL_Driver/Src/stm32f1xx_hal_gpio.o
                0x00000000080026a2                HAL_GPIO_WritePin
 *fill*         0x00000000080026d2        0x2 
 .text.HAL_RCC_OscConfig
                0x00000000080026d4      0x504 ./Drivers/STM32F1xx_HAL_Driver/Src/stm32f1xx_hal_rcc.o
                0x00000000080026d4                HAL_RCC_OscConfig
 .text.HAL_RCC_ClockConfig
                0x0000000008002bd8      0x1d4 ./Drivers/STM32F1xx_HAL_Driver/Src/stm32f1xx_hal_rcc.o
                0x0000000008002bd8                HAL_RCC_ClockConfig
 .text.HAL_RCC_GetSysClockFreq
                0x0000000008002dac       0xa8 ./Drivers/STM32F1xx_HAL_Driver/Src/stm32f1xx_hal_rcc.o
                0x0000000008002dac                HAL_RCC_GetSysClockFreq
 .text.RCC_Delay
                0x0000000008002e54       0x3c ./Drivers/STM32F1xx_HAL_Driver/Src/stm32f1xx_hal_rcc.o
 .text.HAL_TIM_Base_Init
                0x0000000008002e90       0x9e ./Drivers/STM32F1xx_HAL_Driver/Src/stm32f1xx_hal_tim.o
                0x0000000008002e90                HAL_TIM_Base_Init
 *fill*         0x0000000008002f2e        0x2 
 .text.HAL_TIM_Base_Start
                0x0000000008002f30       0xcc ./Drivers/STM32F1xx_HAL_Driver/Src/stm32f1xx_hal_tim.o
                0x0000000008002f30                HAL_TIM_Base_Start
 .text.HAL_TIM_Base_Start_IT
                0x0000000008002ffc       0xdc ./Drivers/STM32F1xx_HAL_Driver/Src/stm32f1xx_hal_tim.o
                0x0000000008002ffc                HAL_TIM_Base_Start_IT
 .text.HAL_TIM_IRQHandler
                0x00000000080030d8      0x210 ./Drivers/STM32F1xx_HAL_Driver/Src/stm32f1xx_hal_tim.o
                0x00000000080030d8                HAL_TIM_IRQHandler
 .text.HAL_TIM_ConfigClockSource
                0x00000000080032e8      0x18e ./Drivers/STM32F1xx_HAL_Driver/Src/stm32f1xx_hal_tim.o
                0x00000000080032e8                HAL_TIM_ConfigClockSource
 .text.HAL_TIM_OC_DelayElapsedCallback
                0x0000000008003476       0x12 ./Drivers/STM32F1xx_HAL_Driver/Src/stm32f1xx_hal_tim.o
                0x0000000008003476                HAL_TIM_OC_DelayElapsedCallback
 .text.HAL_TIM_IC_CaptureCallback
                0x0000000008003488       0x12 ./Drivers/STM32F1xx_HAL_Driver/Src/stm32f1xx_hal_tim.o
                0x0000000008003488                HAL_TIM_IC_CaptureCallback
 .text.HAL_TIM_PWM_PulseFinishedCallback
                0x000000000800349a       0x12 ./Drivers/STM32F1xx_HAL_Driver/Src/stm32f1xx_hal_tim.o
                0x000000000800349a                HAL_TIM_PWM_PulseFinishedCallback
 .text.HAL_TIM_TriggerCallback
                0x00000000080034ac       0x12 ./Drivers/STM32F1xx_HAL_Driver/Src/stm32f1xx_hal_tim.o
                0x00000000080034ac                HAL_TIM_TriggerCallback
 *fill*         0x00000000080034be        0x2 
 .text.TIM_Base_SetConfig
                0x00000000080034c0      0x13c ./Drivers/STM32F1xx_HAL_Driver/Src/stm32f1xx_hal_tim.o
                0x00000000080034c0                TIM_Base_SetConfig
 .text.TIM_TI1_ConfigInputStage
                0x00000000080035fc       0x5c ./Drivers/STM32F1xx_HAL_Driver/Src/stm32f1xx_hal_tim.o
 .text.TIM_TI2_ConfigInputStage
                0x0000000008003658       0x5e ./Drivers/STM32F1xx_HAL_Driver/Src/stm32f1xx_hal_tim.o
 .text.TIM_ITRx_SetConfig
                0x00000000080036b6       0x34 ./Drivers/STM32F1xx_HAL_Driver/Src/stm32f1xx_hal_tim.o
 .text.TIM_ETR_SetConfig
                0x00000000080036ea       0x3e ./Drivers/STM32F1xx_HAL_Driver/Src/stm32f1xx_hal_tim.o
                0x00000000080036ea                TIM_ETR_SetConfig
 .text.HAL_TIMEx_MasterConfigSynchronization
                0x0000000008003728       0xf4 ./Drivers/STM32F1xx_HAL_Driver/Src/stm32f1xx_hal_tim_ex.o
                0x0000000008003728                HAL_TIMEx_MasterConfigSynchronization
 .text.HAL_TIMEx_CommutCallback
                0x000000000800381c       0x12 ./Drivers/STM32F1xx_HAL_Driver/Src/stm32f1xx_hal_tim_ex.o
                0x000000000800381c                HAL_TIMEx_CommutCallback
 .text.HAL_TIMEx_BreakCallback
                0x000000000800382e       0x12 ./Drivers/STM32F1xx_HAL_Driver/Src/stm32f1xx_hal_tim_ex.o
                0x000000000800382e                HAL_TIMEx_BreakCallback
 .text.GetFontInfo_18pt
                0x0000000008003840       0x3c ./GLCD/ArialFont.o
                0x0000000008003840                GetFontInfo_18pt
 .text.GetFontInfo_22pt
                0x000000000800387c       0x3c ./GLCD/ArialFont22pt.o
                0x000000000800387c                GetFontInfo_22pt
 .text.GetFontInfo_30pt
                0x00000000080038b8       0x3c ./GLCD/ArialFont30pt.o
                0x00000000080038b8                GetFontInfo_30pt
 .text.delay_ms
                0x00000000080038f4       0x40 ./GLCD/GLCD.o
 .text.LCD_Configuration
                0x0000000008003934      0x14c ./GLCD/GLCD.o
 .text.LCD_WriteIndex
                0x0000000008003a80       0x58 ./GLCD/GLCD.o
                0x0000000008003a80                LCD_WriteIndex
 .text.LCD_WriteData
                0x0000000008003ad8       0x4c ./GLCD/GLCD.o
                0x0000000008003ad8                LCD_WriteData
 .text.LCD_ReadData
                0x0000000008003b24       0x7c ./GLCD/GLCD.o
                0x0000000008003b24                LCD_ReadData
 .text.LCD_WriteReg
                0x0000000008003ba0       0x44 ./GLCD/GLCD.o
                0x0000000008003ba0                LCD_WriteReg
 .text.LCD_ReadReg
                0x0000000008003be4       0x40 ./GLCD/GLCD.o
                0x0000000008003be4                LCD_ReadReg
 .text.LCD_SetCursor
                0x0000000008003c24       0x2c ./GLCD/GLCD.o
                0x0000000008003c24                LCD_SetCursor
 .text.LCD_reset_sequence
                0x0000000008003c50       0x44 ./GLCD/GLCD.o
 .text.LCD_Initializtion
                0x0000000008003c94      0x524 ./GLCD/GLCD.o
                0x0000000008003c94                LCD_Initializtion
 .text.LCD_Clear
                0x00000000080041b8       0x5c ./GLCD/GLCD.o
                0x00000000080041b8                LCD_Clear
 .text.LCD_SetPoint
                0x0000000008004214       0x4e ./GLCD/GLCD.o
                0x0000000008004214                LCD_SetPoint
 .text.LCD_DrawLine
                0x0000000008004262      0x18e ./GLCD/GLCD.o
                0x0000000008004262                LCD_DrawLine
 .text.PutCharArial_18pt
                0x00000000080043f0      0x16c ./GLCD/GLCD.o
                0x00000000080043f0                PutCharArial_18pt
 .text.GUI_TextArial_18pt
                0x000000000800455c       0x7a ./GLCD/GLCD.o
                0x000000000800455c                GUI_TextArial_18pt
 *fill*         0x00000000080045d6        0x2 
 .text.PutCharArial_22pt
                0x00000000080045d8      0x16c ./GLCD/GLCD.o
                0x00000000080045d8                PutCharArial_22pt
 .text.PutCharArial_30pt
                0x0000000008004744      0x16c ./GLCD/GLCD.o
                0x0000000008004744                PutCharArial_30pt
 .text.GUI_TextArial_30pt
                0x00000000080048b0       0x7a ./GLCD/GLCD.o
                0x00000000080048b0                GUI_TextArial_30pt
 *fill*         0x000000000800492a        0x2 
 .text.Draw_BMP_Slice
                0x000000000800492c      0x1f0 ./GLCD/GLCD.o
                0x000000000800492c                Draw_BMP_Slice
 .text.Draw_BMP_Fast
                0x0000000008004b1c      0x1c8 ./GLCD/GLCD.o
                0x0000000008004b1c                Draw_BMP_Fast
 .text.__errno  0x0000000008004ce4        0xc c:/st/stm32cubeide_1.9.0/stm32cubeide/plugins/com.st.stm32cube.ide.mcu.externaltools.gnu-tools-for-stm32.10.3-2021.10.win32_1.0.0.202111181127/tools/bin/../lib/gcc/arm-none-eabi/10.3.1/../../../../arm-none-eabi/lib/thumb/v7-m/nofp\libc_nano.a(lib_a-errno.o)
                0x0000000008004ce4                __errno
 .text.__libc_init_array
                0x0000000008004cf0       0x48 c:/st/stm32cubeide_1.9.0/stm32cubeide/plugins/com.st.stm32cube.ide.mcu.externaltools.gnu-tools-for-stm32.10.3-2021.10.win32_1.0.0.202111181127/tools/bin/../lib/gcc/arm-none-eabi/10.3.1/../../../../arm-none-eabi/lib/thumb/v7-m/nofp\libc_nano.a(lib_a-init.o)
                0x0000000008004cf0                __libc_init_array
 .text.memcpy   0x0000000008004d38       0x1c c:/st/stm32cubeide_1.9.0/stm32cubeide/plugins/com.st.stm32cube.ide.mcu.externaltools.gnu-tools-for-stm32.10.3-2021.10.win32_1.0.0.202111181127/tools/bin/../lib/gcc/arm-none-eabi/10.3.1/../../../../arm-none-eabi/lib/thumb/v7-m/nofp\libc_nano.a(lib_a-memcpy-stub.o)
                0x0000000008004d38                memcpy
 .text.memset   0x0000000008004d54       0x10 c:/st/stm32cubeide_1.9.0/stm32cubeide/plugins/com.st.stm32cube.ide.mcu.externaltools.gnu-tools-for-stm32.10.3-2021.10.win32_1.0.0.202111181127/tools/bin/../lib/gcc/arm-none-eabi/10.3.1/../../../../arm-none-eabi/lib/thumb/v7-m/nofp\libc_nano.a(lib_a-memset.o)
                0x0000000008004d54                memset
 .text.sprintf  0x0000000008004d64       0x40 c:/st/stm32cubeide_1.9.0/stm32cubeide/plugins/com.st.stm32cube.ide.mcu.externaltools.gnu-tools-for-stm32.10.3-2021.10.win32_1.0.0.202111181127/tools/bin/../lib/gcc/arm-none-eabi/10.3.1/../../../../arm-none-eabi/lib/thumb/v7-m/nofp\libc_nano.a(lib_a-sprintf.o)
                0x0000000008004d64                siprintf
                0x0000000008004d64                sprintf
 .text.__ssputs_r
                0x0000000008004da4       0xb6 c:/st/stm32cubeide_1.9.0/stm32cubeide/plugins/com.st.stm32cube.ide.mcu.externaltools.gnu-tools-for-stm32.10.3-2021.10.win32_1.0.0.202111181127/tools/bin/../lib/gcc/arm-none-eabi/10.3.1/../../../../arm-none-eabi/lib/thumb/v7-m/nofp\libc_nano.a(lib_a-nano-svfprintf.o)
                0x0000000008004da4                __ssputs_r
 *fill*         0x0000000008004e5a        0x2 
 .text._svfprintf_r
                0x0000000008004e5c      0x200 c:/st/stm32cubeide_1.9.0/stm32cubeide/plugins/com.st.stm32cube.ide.mcu.externaltools.gnu-tools-for-stm32.10.3-2021.10.win32_1.0.0.202111181127/tools/bin/../lib/gcc/arm-none-eabi/10.3.1/../../../../arm-none-eabi/lib/thumb/v7-m/nofp\libc_nano.a(lib_a-nano-svfprintf.o)
                0x0000000008004e5c                _svfiprintf_r
                0x0000000008004e5c                _svfprintf_r
 .text._printf_common
                0x000000000800505c       0xde c:/st/stm32cubeide_1.9.0/stm32cubeide/plugins/com.st.stm32cube.ide.mcu.externaltools.gnu-tools-for-stm32.10.3-2021.10.win32_1.0.0.202111181127/tools/bin/../lib/gcc/arm-none-eabi/10.3.1/../../../../arm-none-eabi/lib/thumb/v7-m/nofp\libc_nano.a(lib_a-nano-vfprintf_i.o)
                0x000000000800505c                _printf_common
 *fill*         0x000000000800513a        0x2 
 .text._printf_i
                0x000000000800513c      0x24c c:/st/stm32cubeide_1.9.0/stm32cubeide/plugins/com.st.stm32cube.ide.mcu.externaltools.gnu-tools-for-stm32.10.3-2021.10.win32_1.0.0.202111181127/tools/bin/../lib/gcc/arm-none-eabi/10.3.1/../../../../arm-none-eabi/lib/thumb/v7-m/nofp\libc_nano.a(lib_a-nano-vfprintf_i.o)
                0x000000000800513c                _printf_i
 .text.memchr   0x0000000008005388       0x1c c:/st/stm32cubeide_1.9.0/stm32cubeide/plugins/com.st.stm32cube.ide.mcu.externaltools.gnu-tools-for-stm32.10.3-2021.10.win32_1.0.0.202111181127/tools/bin/../lib/gcc/arm-none-eabi/10.3.1/../../../../arm-none-eabi/lib/thumb/v7-m/nofp\libc_nano.a(lib_a-memchr-stub.o)
                0x0000000008005388                memchr
 .text.memmove  0x00000000080053a4       0x34 c:/st/stm32cubeide_1.9.0/stm32cubeide/plugins/com.st.stm32cube.ide.mcu.externaltools.gnu-tools-for-stm32.10.3-2021.10.win32_1.0.0.202111181127/tools/bin/../lib/gcc/arm-none-eabi/10.3.1/../../../../arm-none-eabi/lib/thumb/v7-m/nofp\libc_nano.a(lib_a-memmove.o)
                0x00000000080053a4                memmove
 .text._free_r  0x00000000080053d8       0x90 c:/st/stm32cubeide_1.9.0/stm32cubeide/plugins/com.st.stm32cube.ide.mcu.externaltools.gnu-tools-for-stm32.10.3-2021.10.win32_1.0.0.202111181127/tools/bin/../lib/gcc/arm-none-eabi/10.3.1/../../../../arm-none-eabi/lib/thumb/v7-m/nofp\libc_nano.a(lib_a-nano-freer.o)
                0x00000000080053d8                _free_r
 .text.sbrk_aligned
                0x0000000008005468       0x40 c:/st/stm32cubeide_1.9.0/stm32cubeide/plugins/com.st.stm32cube.ide.mcu.externaltools.gnu-tools-for-stm32.10.3-2021.10.win32_1.0.0.202111181127/tools/bin/../lib/gcc/arm-none-eabi/10.3.1/../../../../arm-none-eabi/lib/thumb/v7-m/nofp\libc_nano.a(lib_a-nano-mallocr.o)
 .text._malloc_r
                0x00000000080054a8       0xe8 c:/st/stm32cubeide_1.9.0/stm32cubeide/plugins/com.st.stm32cube.ide.mcu.externaltools.gnu-tools-for-stm32.10.3-2021.10.win32_1.0.0.202111181127/tools/bin/../lib/gcc/arm-none-eabi/10.3.1/../../../../arm-none-eabi/lib/thumb/v7-m/nofp\libc_nano.a(lib_a-nano-mallocr.o)
                0x00000000080054a8                _malloc_r
 .text._realloc_r
                0x0000000008005590       0x5e c:/st/stm32cubeide_1.9.0/stm32cubeide/plugins/com.st.stm32cube.ide.mcu.externaltools.gnu-tools-for-stm32.10.3-2021.10.win32_1.0.0.202111181127/tools/bin/../lib/gcc/arm-none-eabi/10.3.1/../../../../arm-none-eabi/lib/thumb/v7-m/nofp\libc_nano.a(lib_a-nano-reallocr.o)
                0x0000000008005590                _realloc_r
 *fill*         0x00000000080055ee        0x2 
 .text._sbrk_r  0x00000000080055f0       0x20 c:/st/stm32cubeide_1.9.0/stm32cubeide/plugins/com.st.stm32cube.ide.mcu.externaltools.gnu-tools-for-stm32.10.3-2021.10.win32_1.0.0.202111181127/tools/bin/../lib/gcc/arm-none-eabi/10.3.1/../../../../arm-none-eabi/lib/thumb/v7-m/nofp\libc_nano.a(lib_a-sbrkr.o)
                0x00000000080055f0                _sbrk_r
 .text.__malloc_lock
                0x0000000008005610        0xc c:/st/stm32cubeide_1.9.0/stm32cubeide/plugins/com.st.stm32cube.ide.mcu.externaltools.gnu-tools-for-stm32.10.3-2021.10.win32_1.0.0.202111181127/tools/bin/../lib/gcc/arm-none-eabi/10.3.1/../../../../arm-none-eabi/lib/thumb/v7-m/nofp\libc_nano.a(lib_a-mlock.o)
                0x0000000008005610                __malloc_lock
 .text.__malloc_unlock
                0x000000000800561c        0xc c:/st/stm32cubeide_1.9.0/stm32cubeide/plugins/com.st.stm32cube.ide.mcu.externaltools.gnu-tools-for-stm32.10.3-2021.10.win32_1.0.0.202111181127/tools/bin/../lib/gcc/arm-none-eabi/10.3.1/../../../../arm-none-eabi/lib/thumb/v7-m/nofp\libc_nano.a(lib_a-mlock.o)
                0x000000000800561c                __malloc_unlock
 .text._malloc_usable_size_r
                0x0000000008005628       0x10 c:/st/stm32cubeide_1.9.0/stm32cubeide/plugins/com.st.stm32cube.ide.mcu.externaltools.gnu-tools-for-stm32.10.3-2021.10.win32_1.0.0.202111181127/tools/bin/../lib/gcc/arm-none-eabi/10.3.1/../../../../arm-none-eabi/lib/thumb/v7-m/nofp\libc_nano.a(lib_a-nano-msizer.o)
                0x0000000008005628                _malloc_usable_size_r
 .text.__retarget_lock_acquire_recursive
                0x0000000008005638        0x2 c:/st/stm32cubeide_1.9.0/stm32cubeide/plugins/com.st.stm32cube.ide.mcu.externaltools.gnu-tools-for-stm32.10.3-2021.10.win32_1.0.0.202111181127/tools/bin/../lib/gcc/arm-none-eabi/10.3.1/../../../../arm-none-eabi/lib/thumb/v7-m/nofp\libc_nano.a(lib_a-lock.o)
                0x0000000008005638                __retarget_lock_acquire_recursive
 .text.__retarget_lock_release_recursive
                0x000000000800563a        0x2 c:/st/stm32cubeide_1.9.0/stm32cubeide/plugins/com.st.stm32cube.ide.mcu.externaltools.gnu-tools-for-stm32.10.3-2021.10.win32_1.0.0.202111181127/tools/bin/../lib/gcc/arm-none-eabi/10.3.1/../../../../arm-none-eabi/lib/thumb/v7-m/nofp\libc_nano.a(lib_a-lock.o)
                0x000000000800563a                __retarget_lock_release_recursive
 *(.glue_7)
 .glue_7        0x000000000800563c        0x0 linker stubs
 *(.glue_7t)
 .glue_7t       0x000000000800563c        0x0 linker stubs
 *(.eh_frame)
 .eh_frame      0x000000000800563c        0x0 c:/st/stm32cubeide_1.9.0/stm32cubeide/plugins/com.st.stm32cube.ide.mcu.externaltools.gnu-tools-for-stm32.10.3-2021.10.win32_1.0.0.202111181127/tools/bin/../lib/gcc/arm-none-eabi/10.3.1/thumb/v7-m/nofp/crtbegin.o
 *(.init)
 .init          0x000000000800563c        0x4 c:/st/stm32cubeide_1.9.0/stm32cubeide/plugins/com.st.stm32cube.ide.mcu.externaltools.gnu-tools-for-stm32.10.3-2021.10.win32_1.0.0.202111181127/tools/bin/../lib/gcc/arm-none-eabi/10.3.1/thumb/v7-m/nofp/crti.o
                0x000000000800563c                _init
 .init          0x0000000008005640        0x8 c:/st/stm32cubeide_1.9.0/stm32cubeide/plugins/com.st.stm32cube.ide.mcu.externaltools.gnu-tools-for-stm32.10.3-2021.10.win32_1.0.0.202111181127/tools/bin/../lib/gcc/arm-none-eabi/10.3.1/thumb/v7-m/nofp/crtn.o
 *(.fini)
 .fini          0x0000000008005648        0x4 c:/st/stm32cubeide_1.9.0/stm32cubeide/plugins/com.st.stm32cube.ide.mcu.externaltools.gnu-tools-for-stm32.10.3-2021.10.win32_1.0.0.202111181127/tools/bin/../lib/gcc/arm-none-eabi/10.3.1/thumb/v7-m/nofp/crti.o
                0x0000000008005648                _fini
 .fini          0x000000000800564c        0x8 c:/st/stm32cubeide_1.9.0/stm32cubeide/plugins/com.st.stm32cube.ide.mcu.externaltools.gnu-tools-for-stm32.10.3-2021.10.win32_1.0.0.202111181127/tools/bin/../lib/gcc/arm-none-eabi/10.3.1/thumb/v7-m/nofp/crtn.o
                0x0000000008005654                . = ALIGN (0x4)
                0x0000000008005654                _etext = .

.vfp11_veneer   0x0000000008005654        0x0
 .vfp11_veneer  0x0000000008005654        0x0 linker stubs

.v4_bx          0x0000000008005654        0x0
 .v4_bx         0x0000000008005654        0x0 linker stubs

.iplt           0x0000000008005654        0x0
 .iplt          0x0000000008005654        0x0 c:/st/stm32cubeide_1.9.0/stm32cubeide/plugins/com.st.stm32cube.ide.mcu.externaltools.gnu-tools-for-stm32.10.3-2021.10.win32_1.0.0.202111181127/tools/bin/../lib/gcc/arm-none-eabi/10.3.1/thumb/v7-m/nofp/crtbegin.o

.rodata         0x0000000008005654    0x2bb8c
                0x0000000008005654                . = ALIGN (0x4)
 *(.rodata)
 .rodata        0x0000000008005654       0xae ./Core/Src/main.o
 *fill*         0x0000000008005702        0x2 
 .rodata        0x0000000008005704        0xc ./GLCD/GLCD.o
 *(.rodata*)
 .rodata.AHBPrescTable
                0x0000000008005710       0x10 ./Core/Src/system_stm32f1xx.o
                0x0000000008005710                AHBPrescTable
 .rodata.aPLLMULFactorTable.1
                0x0000000008005720       0x10 ./Drivers/STM32F1xx_HAL_Driver/Src/stm32f1xx_hal_rcc.o
 .rodata.aPredivFactorTable.0
                0x0000000008005730        0x2 ./Drivers/STM32F1xx_HAL_Driver/Src/stm32f1xx_hal_rcc.o
 *fill*         0x0000000008005732        0x2 
 .rodata.arial_18pt
                0x0000000008005734     0x1008 ./GLCD/ArialFont.o
                0x0000000008005734                arial_18pt
 .rodata.ArialFontInfo
                0x000000000800673c      0x178 ./GLCD/ArialFont.o
                0x000000000800673c                ArialFontInfo
 .rodata.arial_22pt
                0x00000000080068b4     0x1752 ./GLCD/ArialFont22pt.o
                0x00000000080068b4                arial_22pt
 *fill*         0x0000000008008006        0x2 
 .rodata.ArialFontInfo_22pt
                0x0000000008008008      0x178 ./GLCD/ArialFont22pt.o
                0x0000000008008008                ArialFontInfo_22pt
 .rodata.arial_30pt
                0x0000000008008180     0x28a0 ./GLCD/ArialFont30pt.o
                0x0000000008008180                arial_30pt
 .rodata.ArialFontInfo_30pt
                0x000000000800aa20      0x178 ./GLCD/ArialFont30pt.o
                0x000000000800aa20                ArialFontInfo_30pt
 .rodata.MainBG
                0x000000000800ab98    0x25804 ./GUI_Images/Common/MainBG.o
                0x000000000800ab98                MainBG
 .rodata.arrowdown
                0x000000000803039c      0x708 ./GUI_Images/Common/arrowdown.o
                0x000000000803039c                arrowdown
 .rodata.arrowup
                0x0000000008030aa4      0x708 ./GUI_Images/Common/arrowup.o
                0x0000000008030aa4                arrowup
 .rodata._svfprintf_r.str1.1
                0x00000000080311ac       0x11 c:/st/stm32cubeide_1.9.0/stm32cubeide/plugins/com.st.stm32cube.ide.mcu.externaltools.gnu-tools-for-stm32.10.3-2021.10.win32_1.0.0.202111181127/tools/bin/../lib/gcc/arm-none-eabi/10.3.1/../../../../arm-none-eabi/lib/thumb/v7-m/nofp\libc_nano.a(lib_a-nano-svfprintf.o)
 .rodata._printf_i.str1.1
                0x00000000080311bd       0x22 c:/st/stm32cubeide_1.9.0/stm32cubeide/plugins/com.st.stm32cube.ide.mcu.externaltools.gnu-tools-for-stm32.10.3-2021.10.win32_1.0.0.202111181127/tools/bin/../lib/gcc/arm-none-eabi/10.3.1/../../../../arm-none-eabi/lib/thumb/v7-m/nofp\libc_nano.a(lib_a-nano-vfprintf_i.o)
                0x00000000080311e0                . = ALIGN (0x4)
 *fill*         0x00000000080311df        0x1 

.rel.dyn        0x00000000080311e0        0x0
 .rel.iplt      0x00000000080311e0        0x0 c:/st/stm32cubeide_1.9.0/stm32cubeide/plugins/com.st.stm32cube.ide.mcu.externaltools.gnu-tools-for-stm32.10.3-2021.10.win32_1.0.0.202111181127/tools/bin/../lib/gcc/arm-none-eabi/10.3.1/thumb/v7-m/nofp/crtbegin.o

.ARM.extab      0x00000000080311e0        0x0
                0x00000000080311e0                . = ALIGN (0x4)
 *(.ARM.extab* .gnu.linkonce.armextab.*)
                0x00000000080311e0                . = ALIGN (0x4)

.ARM            0x00000000080311e0        0x0
                0x00000000080311e0                . = ALIGN (0x4)
                0x00000000080311e0                __exidx_start = .
 *(.ARM.exidx*)
                0x00000000080311e0                __exidx_end = .
                0x00000000080311e0                . = ALIGN (0x4)

.preinit_array  0x00000000080311e0        0x0
                0x00000000080311e0                . = ALIGN (0x4)
                0x00000000080311e0                PROVIDE (__preinit_array_start = .)
 *(.preinit_array*)
                0x00000000080311e0                PROVIDE (__preinit_array_end = .)
                0x00000000080311e0                . = ALIGN (0x4)

.init_array     0x00000000080311e0        0x4
                0x00000000080311e0                . = ALIGN (0x4)
                0x00000000080311e0                PROVIDE (__init_array_start = .)
 *(SORT_BY_NAME(.init_array.*))
 *(.init_array*)
 .init_array    0x00000000080311e0        0x4 c:/st/stm32cubeide_1.9.0/stm32cubeide/plugins/com.st.stm32cube.ide.mcu.externaltools.gnu-tools-for-stm32.10.3-2021.10.win32_1.0.0.202111181127/tools/bin/../lib/gcc/arm-none-eabi/10.3.1/thumb/v7-m/nofp/crtbegin.o
                0x00000000080311e4                PROVIDE (__init_array_end = .)
                0x00000000080311e4                . = ALIGN (0x4)

.fini_array     0x00000000080311e4        0x4
                0x00000000080311e4                . = ALIGN (0x4)
                [!provide]                        PROVIDE (__fini_array_start = .)
 *(SORT_BY_NAME(.fini_array.*))
 *(.fini_array*)
 .fini_array    0x00000000080311e4        0x4 c:/st/stm32cubeide_1.9.0/stm32cubeide/plugins/com.st.stm32cube.ide.mcu.externaltools.gnu-tools-for-stm32.10.3-2021.10.win32_1.0.0.202111181127/tools/bin/../lib/gcc/arm-none-eabi/10.3.1/thumb/v7-m/nofp/crtbegin.o
                [!provide]                        PROVIDE (__fini_array_end = .)
                0x00000000080311e8                . = ALIGN (0x4)
                0x00000000080311e8                _sidata = LOADADDR (.data)

.data           0x0000000020000000       0x9c load address 0x00000000080311e8
                0x0000000020000000                . = ALIGN (0x4)
                0x0000000020000000                _sdata = .
 *(.data)
 *(.data*)
 .data.temp_modes
                0x0000000020000000        0xc ./Core/Src/main.o
                0x0000000020000000                temp_modes
 .data.week_days
                0x000000002000000c       0x1c ./Core/Src/main.o
                0x000000002000000c                week_days
 .data.current_temperature
                0x0000000020000028        0x1 ./Core/Src/main.o
                0x0000000020000028                current_temperature
 .data.real_hour
                0x0000000020000029        0x1 ./Core/Src/main.o
                0x0000000020000029                real_hour
 .data.current_day_cursor
                0x000000002000002a        0x1 ./Core/Src/main.o
                0x000000002000002a                current_day_cursor
 *fill*         0x000000002000002b        0x1 
 .data.SystemCoreClock
                0x000000002000002c        0x4 ./Core/Src/system_stm32f1xx.o
                0x000000002000002c                SystemCoreClock
 .data.uwTickPrio
                0x0000000020000030        0x4 ./Drivers/STM32F1xx_HAL_Driver/Src/stm32f1xx_hal.o
                0x0000000020000030                uwTickPrio
 .data.uwTickFreq
                0x0000000020000034        0x1 ./Drivers/STM32F1xx_HAL_Driver/Src/stm32f1xx_hal.o
                0x0000000020000034                uwTickFreq
 *fill*         0x0000000020000035        0x3 
 .data._impure_ptr
                0x0000000020000038        0x4 c:/st/stm32cubeide_1.9.0/stm32cubeide/plugins/com.st.stm32cube.ide.mcu.externaltools.gnu-tools-for-stm32.10.3-2021.10.win32_1.0.0.202111181127/tools/bin/../lib/gcc/arm-none-eabi/10.3.1/../../../../arm-none-eabi/lib/thumb/v7-m/nofp\libc_nano.a(lib_a-impure.o)
                0x0000000020000038                _impure_ptr
 .data.impure_data
                0x000000002000003c       0x60 c:/st/stm32cubeide_1.9.0/stm32cubeide/plugins/com.st.stm32cube.ide.mcu.externaltools.gnu-tools-for-stm32.10.3-2021.10.win32_1.0.0.202111181127/tools/bin/../lib/gcc/arm-none-eabi/10.3.1/../../../../arm-none-eabi/lib/thumb/v7-m/nofp\libc_nano.a(lib_a-impure.o)
 *(.RamFunc)
 *(.RamFunc*)
                0x000000002000009c                . = ALIGN (0x4)
                0x000000002000009c                _edata = .

.igot.plt       0x000000002000009c        0x0 load address 0x0000000008031284
 .igot.plt      0x000000002000009c        0x0 c:/st/stm32cubeide_1.9.0/stm32cubeide/plugins/com.st.stm32cube.ide.mcu.externaltools.gnu-tools-for-stm32.10.3-2021.10.win32_1.0.0.202111181127/tools/bin/../lib/gcc/arm-none-eabi/10.3.1/thumb/v7-m/nofp/crtbegin.o
                0x000000002000009c                . = ALIGN (0x4)

.bss            0x000000002000009c      0x15c load address 0x0000000008031284
                0x000000002000009c                _sbss = .
                0x000000002000009c                __bss_start__ = _sbss
 *(.bss)
 .bss           0x000000002000009c       0x1c c:/st/stm32cubeide_1.9.0/stm32cubeide/plugins/com.st.stm32cube.ide.mcu.externaltools.gnu-tools-for-stm32.10.3-2021.10.win32_1.0.0.202111181127/tools/bin/../lib/gcc/arm-none-eabi/10.3.1/thumb/v7-m/nofp/crtbegin.o
 *(.bss*)
 .bss.htim2     0x00000000200000b8       0x48 ./Core/Src/main.o
                0x00000000200000b8                htim2
 .bss.htim3     0x0000000020000100       0x48 ./Core/Src/main.o
                0x0000000020000100                htim3
 .bss.mode      0x0000000020000148        0x1 ./Core/Src/main.o
                0x0000000020000148                mode
 *fill*         0x0000000020000149        0x3 
 .bss.days_temp
                0x000000002000014c       0x3f ./Core/Src/main.o
                0x000000002000014c                days_temp
 *fill*         0x000000002000018b        0x1 
 .bss.days_state
                0x000000002000018c       0x3f ./Core/Src/main.o
                0x000000002000018c                days_state
 .bss.real_weekday
                0x00000000200001cb        0x1 ./Core/Src/main.o
                0x00000000200001cb                real_weekday
 .bss.current_hour_state
                0x00000000200001cc        0x1 ./Core/Src/main.o
                0x00000000200001cc                current_hour_state
 .bss.current_week_day
                0x00000000200001cd        0x1 ./Core/Src/main.o
                0x00000000200001cd                current_week_day
 .bss.state_editor_mode
                0x00000000200001ce        0x1 ./Core/Src/main.o
                0x00000000200001ce                state_editor_mode
 .bss.current_setpoint
                0x00000000200001cf        0x1 ./Core/Src/main.o
                0x00000000200001cf                current_setpoint
 .bss.is_button8_pressed
                0x00000000200001d0        0x1 ./Core/Src/main.o
                0x00000000200001d0                is_button8_pressed
 .bss.is_button7_pressed
                0x00000000200001d1        0x1 ./Core/Src/main.o
                0x00000000200001d1                is_button7_pressed
 .bss.is_button5_pressed
                0x00000000200001d2        0x1 ./Core/Src/main.o
                0x00000000200001d2                is_button5_pressed
 .bss.is_button4_pressed
                0x00000000200001d3        0x1 ./Core/Src/main.o
                0x00000000200001d3                is_button4_pressed
 .bss.is_button3_pressed
                0x00000000200001d4        0x1 ./Core/Src/main.o
                0x00000000200001d4                is_button3_pressed
 .bss.is_button2_pressed
                0x00000000200001d5        0x1 ./Core/Src/main.o
                0x00000000200001d5                is_button2_pressed
 .bss.is_button1_pressed
                0x00000000200001d6        0x1 ./Core/Src/main.o
                0x00000000200001d6                is_button1_pressed
 .bss.in_comfort_temp
                0x00000000200001d7        0x1 ./Core/Src/main.o
                0x00000000200001d7                in_comfort_temp
 .bss.sleep_comfort_temp
                0x00000000200001d8        0x1 ./Core/Src/main.o
                0x00000000200001d8                sleep_comfort_temp
 *fill*         0x00000000200001d9        0x3 
 .bss.counter   0x00000000200001dc        0x4 ./Core/Src/main.o
                0x00000000200001dc                counter
 .bss.__sbrk_heap_end
                0x00000000200001e0        0x4 ./Core/Src/sysmem.o
 .bss.uwTick    0x00000000200001e4        0x4 ./Drivers/STM32F1xx_HAL_Driver/Src/stm32f1xx_hal.o
                0x00000000200001e4                uwTick
 .bss.__malloc_free_list
                0x00000000200001e8        0x4 c:/st/stm32cubeide_1.9.0/stm32cubeide/plugins/com.st.stm32cube.ide.mcu.externaltools.gnu-tools-for-stm32.10.3-2021.10.win32_1.0.0.202111181127/tools/bin/../lib/gcc/arm-none-eabi/10.3.1/../../../../arm-none-eabi/lib/thumb/v7-m/nofp\libc_nano.a(lib_a-nano-mallocr.o)
                0x00000000200001e8                __malloc_free_list
 .bss.__malloc_sbrk_start
                0x00000000200001ec        0x4 c:/st/stm32cubeide_1.9.0/stm32cubeide/plugins/com.st.stm32cube.ide.mcu.externaltools.gnu-tools-for-stm32.10.3-2021.10.win32_1.0.0.202111181127/tools/bin/../lib/gcc/arm-none-eabi/10.3.1/../../../../arm-none-eabi/lib/thumb/v7-m/nofp\libc_nano.a(lib_a-nano-mallocr.o)
                0x00000000200001ec                __malloc_sbrk_start
 .bss.errno     0x00000000200001f0        0x4 c:/st/stm32cubeide_1.9.0/stm32cubeide/plugins/com.st.stm32cube.ide.mcu.externaltools.gnu-tools-for-stm32.10.3-2021.10.win32_1.0.0.202111181127/tools/bin/../lib/gcc/arm-none-eabi/10.3.1/../../../../arm-none-eabi/lib/thumb/v7-m/nofp\libc_nano.a(lib_a-reent.o)
                0x00000000200001f0                errno
 .bss.__lock___malloc_recursive_mutex
                0x00000000200001f4        0x1 c:/st/stm32cubeide_1.9.0/stm32cubeide/plugins/com.st.stm32cube.ide.mcu.externaltools.gnu-tools-for-stm32.10.3-2021.10.win32_1.0.0.202111181127/tools/bin/../lib/gcc/arm-none-eabi/10.3.1/../../../../arm-none-eabi/lib/thumb/v7-m/nofp\libc_nano.a(lib_a-lock.o)
                0x00000000200001f4                __lock___malloc_recursive_mutex
 *(COMMON)
                0x00000000200001f8                . = ALIGN (0x4)
 *fill*         0x00000000200001f5        0x3 
                0x00000000200001f8                _ebss = .
                0x00000000200001f8                __bss_end__ = _ebss

._user_heap_stack
                0x00000000200001f8      0x600 load address 0x0000000008031284
                0x00000000200001f8                . = ALIGN (0x8)
                [!provide]                        PROVIDE (end = .)
                0x00000000200001f8                PROVIDE (_end = .)
                0x00000000200003f8                . = (. + _Min_Heap_Size)
 *fill*         0x00000000200001f8      0x200 
                0x00000000200007f8                . = (. + _Min_Stack_Size)
 *fill*         0x00000000200003f8      0x400 
                0x00000000200007f8                . = ALIGN (0x8)

/DISCARD/
 libc.a(*)
 libm.a(*)
 libgcc.a(*)

.ARM.attributes
                0x0000000000000000       0x29
 *(.ARM.attributes)
 .ARM.attributes
                0x0000000000000000       0x1d c:/st/stm32cubeide_1.9.0/stm32cubeide/plugins/com.st.stm32cube.ide.mcu.externaltools.gnu-tools-for-stm32.10.3-2021.10.win32_1.0.0.202111181127/tools/bin/../lib/gcc/arm-none-eabi/10.3.1/thumb/v7-m/nofp/crti.o
 .ARM.attributes
                0x000000000000001d       0x2d c:/st/stm32cubeide_1.9.0/stm32cubeide/plugins/com.st.stm32cube.ide.mcu.externaltools.gnu-tools-for-stm32.10.3-2021.10.win32_1.0.0.202111181127/tools/bin/../lib/gcc/arm-none-eabi/10.3.1/thumb/v7-m/nofp/crtbegin.o
 .ARM.attributes
                0x000000000000004a       0x2d ./Core/Src/main.o
 .ARM.attributes
                0x0000000000000077       0x2d ./Core/Src/stm32f1xx_hal_msp.o
 .ARM.attributes
                0x00000000000000a4       0x2d ./Core/Src/stm32f1xx_it.o
 .ARM.attributes
                0x00000000000000d1       0x2d ./Core/Src/sysmem.o
 .ARM.attributes
                0x00000000000000fe       0x2d ./Core/Src/system_stm32f1xx.o
 .ARM.attributes
                0x000000000000012b       0x21 ./Core/Startup/startup_stm32f103vgtx.o
 .ARM.attributes
                0x000000000000014c       0x2d ./Drivers/STM32F1xx_HAL_Driver/Src/stm32f1xx_hal.o
 .ARM.attributes
                0x0000000000000179       0x2d ./Drivers/STM32F1xx_HAL_Driver/Src/stm32f1xx_hal_cortex.o
 .ARM.attributes
                0x00000000000001a6       0x2d ./Drivers/STM32F1xx_HAL_Driver/Src/stm32f1xx_hal_gpio.o
 .ARM.attributes
                0x00000000000001d3       0x2d ./Drivers/STM32F1xx_HAL_Driver/Src/stm32f1xx_hal_rcc.o
 .ARM.attributes
                0x0000000000000200       0x2d ./Drivers/STM32F1xx_HAL_Driver/Src/stm32f1xx_hal_tim.o
 .ARM.attributes
                0x000000000000022d       0x2d ./Drivers/STM32F1xx_HAL_Driver/Src/stm32f1xx_hal_tim_ex.o
 .ARM.attributes
                0x000000000000025a       0x2d ./GLCD/ArialFont.o
 .ARM.attributes
                0x0000000000000287       0x2d ./GLCD/ArialFont22pt.o
 .ARM.attributes
                0x00000000000002b4       0x2d ./GLCD/ArialFont30pt.o
 .ARM.attributes
                0x00000000000002e1       0x2d ./GLCD/GLCD.o
 .ARM.attributes
                0x000000000000030e       0x2d ./GUI_Images/Common/MainBG.o
 .ARM.attributes
                0x000000000000033b       0x2d ./GUI_Images/Common/arrowdown.o
 .ARM.attributes
                0x0000000000000368       0x2d ./GUI_Images/Common/arrowup.o
 .ARM.attributes
                0x0000000000000395       0x2d c:/st/stm32cubeide_1.9.0/stm32cubeide/plugins/com.st.stm32cube.ide.mcu.externaltools.gnu-tools-for-stm32.10.3-2021.10.win32_1.0.0.202111181127/tools/bin/../lib/gcc/arm-none-eabi/10.3.1/../../../../arm-none-eabi/lib/thumb/v7-m/nofp\libc_nano.a(lib_a-errno.o)
 .ARM.attributes
                0x00000000000003c2       0x2d c:/st/stm32cubeide_1.9.0/stm32cubeide/plugins/com.st.stm32cube.ide.mcu.externaltools.gnu-tools-for-stm32.10.3-2021.10.win32_1.0.0.202111181127/tools/bin/../lib/gcc/arm-none-eabi/10.3.1/../../../../arm-none-eabi/lib/thumb/v7-m/nofp\libc_nano.a(lib_a-impure.o)
 .ARM.attributes
                0x00000000000003ef       0x2d c:/st/stm32cubeide_1.9.0/stm32cubeide/plugins/com.st.stm32cube.ide.mcu.externaltools.gnu-tools-for-stm32.10.3-2021.10.win32_1.0.0.202111181127/tools/bin/../lib/gcc/arm-none-eabi/10.3.1/../../../../arm-none-eabi/lib/thumb/v7-m/nofp\libc_nano.a(lib_a-init.o)
 .ARM.attributes
                0x000000000000041c       0x2d c:/st/stm32cubeide_1.9.0/stm32cubeide/plugins/com.st.stm32cube.ide.mcu.externaltools.gnu-tools-for-stm32.10.3-2021.10.win32_1.0.0.202111181127/tools/bin/../lib/gcc/arm-none-eabi/10.3.1/../../../../arm-none-eabi/lib/thumb/v7-m/nofp\libc_nano.a(lib_a-memcpy-stub.o)
 .ARM.attributes
                0x0000000000000449       0x2d c:/st/stm32cubeide_1.9.0/stm32cubeide/plugins/com.st.stm32cube.ide.mcu.externaltools.gnu-tools-for-stm32.10.3-2021.10.win32_1.0.0.202111181127/tools/bin/../lib/gcc/arm-none-eabi/10.3.1/../../../../arm-none-eabi/lib/thumb/v7-m/nofp\libc_nano.a(lib_a-memset.o)
 .ARM.attributes
                0x0000000000000476       0x2d c:/st/stm32cubeide_1.9.0/stm32cubeide/plugins/com.st.stm32cube.ide.mcu.externaltools.gnu-tools-for-stm32.10.3-2021.10.win32_1.0.0.202111181127/tools/bin/../lib/gcc/arm-none-eabi/10.3.1/../../../../arm-none-eabi/lib/thumb/v7-m/nofp\libc_nano.a(lib_a-sprintf.o)
 .ARM.attributes
                0x00000000000004a3       0x2d c:/st/stm32cubeide_1.9.0/stm32cubeide/plugins/com.st.stm32cube.ide.mcu.externaltools.gnu-tools-for-stm32.10.3-2021.10.win32_1.0.0.202111181127/tools/bin/../lib/gcc/arm-none-eabi/10.3.1/../../../../arm-none-eabi/lib/thumb/v7-m/nofp\libc_nano.a(lib_a-nano-svfprintf.o)
 .ARM.attributes
                0x00000000000004d0       0x2d c:/st/stm32cubeide_1.9.0/stm32cubeide/plugins/com.st.stm32cube.ide.mcu.externaltools.gnu-tools-for-stm32.10.3-2021.10.win32_1.0.0.202111181127/tools/bin/../lib/gcc/arm-none-eabi/10.3.1/../../../../arm-none-eabi/lib/thumb/v7-m/nofp\libc_nano.a(lib_a-nano-vfprintf_i.o)
 .ARM.attributes
                0x00000000000004fd       0x2d c:/st/stm32cubeide_1.9.0/stm32cubeide/plugins/com.st.stm32cube.ide.mcu.externaltools.gnu-tools-for-stm32.10.3-2021.10.win32_1.0.0.202111181127/tools/bin/../lib/gcc/arm-none-eabi/10.3.1/../../../../arm-none-eabi/lib/thumb/v7-m/nofp\libc_nano.a(lib_a-memchr-stub.o)
 .ARM.attributes
                0x000000000000052a       0x2d c:/st/stm32cubeide_1.9.0/stm32cubeide/plugins/com.st.stm32cube.ide.mcu.externaltools.gnu-tools-for-stm32.10.3-2021.10.win32_1.0.0.202111181127/tools/bin/../lib/gcc/arm-none-eabi/10.3.1/../../../../arm-none-eabi/lib/thumb/v7-m/nofp\libc_nano.a(lib_a-memmove.o)
 .ARM.attributes
                0x0000000000000557       0x2d c:/st/stm32cubeide_1.9.0/stm32cubeide/plugins/com.st.stm32cube.ide.mcu.externaltools.gnu-tools-for-stm32.10.3-2021.10.win32_1.0.0.202111181127/tools/bin/../lib/gcc/arm-none-eabi/10.3.1/../../../../arm-none-eabi/lib/thumb/v7-m/nofp\libc_nano.a(lib_a-nano-freer.o)
 .ARM.attributes
                0x0000000000000584       0x2d c:/st/stm32cubeide_1.9.0/stm32cubeide/plugins/com.st.stm32cube.ide.mcu.externaltools.gnu-tools-for-stm32.10.3-2021.10.win32_1.0.0.202111181127/tools/bin/../lib/gcc/arm-none-eabi/10.3.1/../../../../arm-none-eabi/lib/thumb/v7-m/nofp\libc_nano.a(lib_a-nano-mallocr.o)
 .ARM.attributes
                0x00000000000005b1       0x2d c:/st/stm32cubeide_1.9.0/stm32cubeide/plugins/com.st.stm32cube.ide.mcu.externaltools.gnu-tools-for-stm32.10.3-2021.10.win32_1.0.0.202111181127/tools/bin/../lib/gcc/arm-none-eabi/10.3.1/../../../../arm-none-eabi/lib/thumb/v7-m/nofp\libc_nano.a(lib_a-nano-reallocr.o)
 .ARM.attributes
                0x00000000000005de       0x2d c:/st/stm32cubeide_1.9.0/stm32cubeide/plugins/com.st.stm32cube.ide.mcu.externaltools.gnu-tools-for-stm32.10.3-2021.10.win32_1.0.0.202111181127/tools/bin/../lib/gcc/arm-none-eabi/10.3.1/../../../../arm-none-eabi/lib/thumb/v7-m/nofp\libc_nano.a(lib_a-sbrkr.o)
 .ARM.attributes
                0x000000000000060b       0x2d c:/st/stm32cubeide_1.9.0/stm32cubeide/plugins/com.st.stm32cube.ide.mcu.externaltools.gnu-tools-for-stm32.10.3-2021.10.win32_1.0.0.202111181127/tools/bin/../lib/gcc/arm-none-eabi/10.3.1/../../../../arm-none-eabi/lib/thumb/v7-m/nofp\libc_nano.a(lib_a-mlock.o)
 .ARM.attributes
                0x0000000000000638       0x2d c:/st/stm32cubeide_1.9.0/stm32cubeide/plugins/com.st.stm32cube.ide.mcu.externaltools.gnu-tools-for-stm32.10.3-2021.10.win32_1.0.0.202111181127/tools/bin/../lib/gcc/arm-none-eabi/10.3.1/../../../../arm-none-eabi/lib/thumb/v7-m/nofp\libc_nano.a(lib_a-nano-msizer.o)
 .ARM.attributes
                0x0000000000000665       0x2d c:/st/stm32cubeide_1.9.0/stm32cubeide/plugins/com.st.stm32cube.ide.mcu.externaltools.gnu-tools-for-stm32.10.3-2021.10.win32_1.0.0.202111181127/tools/bin/../lib/gcc/arm-none-eabi/10.3.1/../../../../arm-none-eabi/lib/thumb/v7-m/nofp\libc_nano.a(lib_a-reent.o)
 .ARM.attributes
                0x0000000000000692       0x2d c:/st/stm32cubeide_1.9.0/stm32cubeide/plugins/com.st.stm32cube.ide.mcu.externaltools.gnu-tools-for-stm32.10.3-2021.10.win32_1.0.0.202111181127/tools/bin/../lib/gcc/arm-none-eabi/10.3.1/../../../../arm-none-eabi/lib/thumb/v7-m/nofp\libc_nano.a(lib_a-lock.o)
 .ARM.attributes
                0x00000000000006bf       0x1d c:/st/stm32cubeide_1.9.0/stm32cubeide/plugins/com.st.stm32cube.ide.mcu.externaltools.gnu-tools-for-stm32.10.3-2021.10.win32_1.0.0.202111181127/tools/bin/../lib/gcc/arm-none-eabi/10.3.1/thumb/v7-m/nofp\libgcc.a(_arm_addsubdf3.o)
 .ARM.attributes
                0x00000000000006dc       0x1d c:/st/stm32cubeide_1.9.0/stm32cubeide/plugins/com.st.stm32cube.ide.mcu.externaltools.gnu-tools-for-stm32.10.3-2021.10.win32_1.0.0.202111181127/tools/bin/../lib/gcc/arm-none-eabi/10.3.1/thumb/v7-m/nofp\libgcc.a(_arm_muldivdf3.o)
 .ARM.attributes
                0x00000000000006f9       0x1d c:/st/stm32cubeide_1.9.0/stm32cubeide/plugins/com.st.stm32cube.ide.mcu.externaltools.gnu-tools-for-stm32.10.3-2021.10.win32_1.0.0.202111181127/tools/bin/../lib/gcc/arm-none-eabi/10.3.1/thumb/v7-m/nofp\libgcc.a(_arm_truncdfsf2.o)
 .ARM.attributes
                0x0000000000000716       0x1d c:/st/stm32cubeide_1.9.0/stm32cubeide/plugins/com.st.stm32cube.ide.mcu.externaltools.gnu-tools-for-stm32.10.3-2021.10.win32_1.0.0.202111181127/tools/bin/../lib/gcc/arm-none-eabi/10.3.1/thumb/v7-m/nofp\libgcc.a(_arm_fixunssfsi.o)
 .ARM.attributes
                0x0000000000000733       0x1d c:/st/stm32cubeide_1.9.0/stm32cubeide/plugins/com.st.stm32cube.ide.mcu.externaltools.gnu-tools-for-stm32.10.3-2021.10.win32_1.0.0.202111181127/tools/bin/../lib/gcc/arm-none-eabi/10.3.1/thumb/v7-m/nofp/crtn.o
OUTPUT(BC Project.elf elf32-littlearm)
LOAD linker stubs
LOAD c:/st/stm32cubeide_1.9.0/stm32cubeide/plugins/com.st.stm32cube.ide.mcu.externaltools.gnu-tools-for-stm32.10.3-2021.10.win32_1.0.0.202111181127/tools/bin/../lib/gcc/arm-none-eabi/10.3.1/../../../../arm-none-eabi/lib/thumb/v7-m/nofp\libc.a
LOAD c:/st/stm32cubeide_1.9.0/stm32cubeide/plugins/com.st.stm32cube.ide.mcu.externaltools.gnu-tools-for-stm32.10.3-2021.10.win32_1.0.0.202111181127/tools/bin/../lib/gcc/arm-none-eabi/10.3.1/../../../../arm-none-eabi/lib/thumb/v7-m/nofp\libm.a
LOAD c:/st/stm32cubeide_1.9.0/stm32cubeide/plugins/com.st.stm32cube.ide.mcu.externaltools.gnu-tools-for-stm32.10.3-2021.10.win32_1.0.0.202111181127/tools/bin/../lib/gcc/arm-none-eabi/10.3.1/thumb/v7-m/nofp\libgcc.a

.debug_info     0x0000000000000000     0xa955
 .debug_info    0x0000000000000000     0x1884 ./Core/Src/main.o
 .debug_info    0x0000000000001884      0xa14 ./Core/Src/stm32f1xx_hal_msp.o
 .debug_info    0x0000000000002298      0x6f6 ./Core/Src/stm32f1xx_it.o
 .debug_info    0x000000000000298e      0x171 ./Core/Src/sysmem.o
 .debug_info    0x0000000000002aff      0x23d ./Core/Src/system_stm32f1xx.o
 .debug_info    0x0000000000002d3c       0x22 ./Core/Startup/startup_stm32f103vgtx.o
 .debug_info    0x0000000000002d5e      0x7fe ./Drivers/STM32F1xx_HAL_Driver/Src/stm32f1xx_hal.o
 .debug_info    0x000000000000355c      0xda3 ./Drivers/STM32F1xx_HAL_Driver/Src/stm32f1xx_hal_cortex.o
 .debug_info    0x00000000000042ff      0x615 ./Drivers/STM32F1xx_HAL_Driver/Src/stm32f1xx_hal_gpio.o
 .debug_info    0x0000000000004914      0x8c9 ./Drivers/STM32F1xx_HAL_Driver/Src/stm32f1xx_hal_rcc.o
 .debug_info    0x00000000000051dd     0x2bab ./Drivers/STM32F1xx_HAL_Driver/Src/stm32f1xx_hal_tim.o
 .debug_info    0x0000000000007d88     0x15c7 ./Drivers/STM32F1xx_HAL_Driver/Src/stm32f1xx_hal_tim_ex.o
 .debug_info    0x000000000000934f      0x18a ./GLCD/ArialFont.o
 .debug_info    0x00000000000094d9      0x18a ./GLCD/ArialFont22pt.o
 .debug_info    0x0000000000009663      0x18a ./GLCD/ArialFont30pt.o
 .debug_info    0x00000000000097ed     0x104f ./GLCD/GLCD.o
 .debug_info    0x000000000000a83c       0x5f ./GUI_Images/Common/MainBG.o
 .debug_info    0x000000000000a89b       0x5d ./GUI_Images/Common/arrowdown.o
 .debug_info    0x000000000000a8f8       0x5d ./GUI_Images/Common/arrowup.o

.debug_abbrev   0x0000000000000000     0x1d86
 .debug_abbrev  0x0000000000000000      0x416 ./Core/Src/main.o
 .debug_abbrev  0x0000000000000416      0x19f ./Core/Src/stm32f1xx_hal_msp.o
 .debug_abbrev  0x00000000000005b5      0x184 ./Core/Src/stm32f1xx_it.o
 .debug_abbrev  0x0000000000000739       0xbb ./Core/Src/sysmem.o
 .debug_abbrev  0x00000000000007f4      0x13b ./Core/Src/system_stm32f1xx.o
 .debug_abbrev  0x000000000000092f       0x12 ./Core/Startup/startup_stm32f103vgtx.o
 .debug_abbrev  0x0000000000000941      0x20d ./Drivers/STM32F1xx_HAL_Driver/Src/stm32f1xx_hal.o
 .debug_abbrev  0x0000000000000b4e      0x316 ./Drivers/STM32F1xx_HAL_Driver/Src/stm32f1xx_hal_cortex.o
 .debug_abbrev  0x0000000000000e64      0x1bb ./Drivers/STM32F1xx_HAL_Driver/Src/stm32f1xx_hal_gpio.o
 .debug_abbrev  0x000000000000101f      0x2a8 ./Drivers/STM32F1xx_HAL_Driver/Src/stm32f1xx_hal_rcc.o
 .debug_abbrev  0x00000000000012c7      0x264 ./Drivers/STM32F1xx_HAL_Driver/Src/stm32f1xx_hal_tim.o
 .debug_abbrev  0x000000000000152b      0x26c ./Drivers/STM32F1xx_HAL_Driver/Src/stm32f1xx_hal_tim_ex.o
 .debug_abbrev  0x0000000000001797       0xce ./GLCD/ArialFont.o
 .debug_abbrev  0x0000000000001865       0xce ./GLCD/ArialFont22pt.o
 .debug_abbrev  0x0000000000001933       0xce ./GLCD/ArialFont30pt.o
 .debug_abbrev  0x0000000000001a01      0x2a7 ./GLCD/GLCD.o
 .debug_abbrev  0x0000000000001ca8       0x4a ./GUI_Images/Common/MainBG.o
 .debug_abbrev  0x0000000000001cf2       0x4a ./GUI_Images/Common/arrowdown.o
 .debug_abbrev  0x0000000000001d3c       0x4a ./GUI_Images/Common/arrowup.o

.debug_aranges  0x0000000000000000      0xc10
 .debug_aranges
                0x0000000000000000      0x140 ./Core/Src/main.o
 .debug_aranges
                0x0000000000000140       0x30 ./Core/Src/stm32f1xx_hal_msp.o
 .debug_aranges
                0x0000000000000170       0x68 ./Core/Src/stm32f1xx_it.o
 .debug_aranges
                0x00000000000001d8       0x20 ./Core/Src/sysmem.o
 .debug_aranges
                0x00000000000001f8       0x28 ./Core/Src/system_stm32f1xx.o
 .debug_aranges
                0x0000000000000220       0x28 ./Core/Startup/startup_stm32f103vgtx.o
 .debug_aranges
                0x0000000000000248       0xe0 ./Drivers/STM32F1xx_HAL_Driver/Src/stm32f1xx_hal.o
 .debug_aranges
                0x0000000000000328      0x118 ./Drivers/STM32F1xx_HAL_Driver/Src/stm32f1xx_hal_cortex.o
 .debug_aranges
                0x0000000000000440       0x58 ./Drivers/STM32F1xx_HAL_Driver/Src/stm32f1xx_hal_gpio.o
 .debug_aranges
                0x0000000000000498       0x90 ./Drivers/STM32F1xx_HAL_Driver/Src/stm32f1xx_hal_rcc.o
 .debug_aranges
                0x0000000000000528      0x3d0 ./Drivers/STM32F1xx_HAL_Driver/Src/stm32f1xx_hal_tim.o
 .debug_aranges
                0x00000000000008f8      0x168 ./Drivers/STM32F1xx_HAL_Driver/Src/stm32f1xx_hal_tim_ex.o
 .debug_aranges
                0x0000000000000a60       0x20 ./GLCD/ArialFont.o
 .debug_aranges
                0x0000000000000a80       0x20 ./GLCD/ArialFont22pt.o
 .debug_aranges
                0x0000000000000aa0       0x20 ./GLCD/ArialFont30pt.o
 .debug_aranges
                0x0000000000000ac0      0x108 ./GLCD/GLCD.o
 .debug_aranges
                0x0000000000000bc8       0x18 ./GUI_Images/Common/MainBG.o
 .debug_aranges
                0x0000000000000be0       0x18 ./GUI_Images/Common/arrowdown.o
 .debug_aranges
                0x0000000000000bf8       0x18 ./GUI_Images/Common/arrowup.o

.debug_ranges   0x0000000000000000      0xad0
 .debug_ranges  0x0000000000000000      0x130 ./Core/Src/main.o
 .debug_ranges  0x0000000000000130       0x20 ./Core/Src/stm32f1xx_hal_msp.o
 .debug_ranges  0x0000000000000150       0x58 ./Core/Src/stm32f1xx_it.o
 .debug_ranges  0x00000000000001a8       0x10 ./Core/Src/sysmem.o
 .debug_ranges  0x00000000000001b8       0x18 ./Core/Src/system_stm32f1xx.o
 .debug_ranges  0x00000000000001d0       0x20 ./Core/Startup/startup_stm32f103vgtx.o
 .debug_ranges  0x00000000000001f0       0xd0 ./Drivers/STM32F1xx_HAL_Driver/Src/stm32f1xx_hal.o
 .debug_ranges  0x00000000000002c0      0x108 ./Drivers/STM32F1xx_HAL_Driver/Src/stm32f1xx_hal_cortex.o
 .debug_ranges  0x00000000000003c8       0x48 ./Drivers/STM32F1xx_HAL_Driver/Src/stm32f1xx_hal_gpio.o
 .debug_ranges  0x0000000000000410       0x80 ./Drivers/STM32F1xx_HAL_Driver/Src/stm32f1xx_hal_rcc.o
 .debug_ranges  0x0000000000000490      0x3c0 ./Drivers/STM32F1xx_HAL_Driver/Src/stm32f1xx_hal_tim.o
 .debug_ranges  0x0000000000000850      0x158 ./Drivers/STM32F1xx_HAL_Driver/Src/stm32f1xx_hal_tim_ex.o
 .debug_ranges  0x00000000000009a8       0x10 ./GLCD/ArialFont.o
 .debug_ranges  0x00000000000009b8       0x10 ./GLCD/ArialFont22pt.o
 .debug_ranges  0x00000000000009c8       0x10 ./GLCD/ArialFont30pt.o
 .debug_ranges  0x00000000000009d8       0xf8 ./GLCD/GLCD.o

.debug_macro    0x0000000000000000    0x1ae26
 .debug_macro   0x0000000000000000      0x3ce ./Core/Src/main.o
 .debug_macro   0x00000000000003ce      0xa6c ./Core/Src/main.o
 .debug_macro   0x0000000000000e3a      0x215 ./Core/Src/main.o
 .debug_macro   0x000000000000104f       0x2e ./Core/Src/main.o
 .debug_macro   0x000000000000107d       0x22 ./Core/Src/main.o
 .debug_macro   0x000000000000109f       0x22 ./Core/Src/main.o
 .debug_macro   0x00000000000010c1       0x8e ./Core/Src/main.o
 .debug_macro   0x000000000000114f       0x51 ./Core/Src/main.o
 .debug_macro   0x00000000000011a0      0x103 ./Core/Src/main.o
 .debug_macro   0x00000000000012a3       0x6a ./Core/Src/main.o
 .debug_macro   0x000000000000130d      0x1df ./Core/Src/main.o
 .debug_macro   0x00000000000014ec       0x1c ./Core/Src/main.o
 .debug_macro   0x0000000000001508       0x22 ./Core/Src/main.o
 .debug_macro   0x000000000000152a       0xbd ./Core/Src/main.o
 .debug_macro   0x00000000000015e7      0xe49 ./Core/Src/main.o
 .debug_macro   0x0000000000002430      0x11f ./Core/Src/main.o
 .debug_macro   0x000000000000254f    0x100e9 ./Core/Src/main.o
 .debug_macro   0x0000000000012638       0x6d ./Core/Src/main.o
 .debug_macro   0x00000000000126a5     0x348d ./Core/Src/main.o
 .debug_macro   0x0000000000015b32      0x174 ./Core/Src/main.o
 .debug_macro   0x0000000000015ca6       0x5c ./Core/Src/main.o
 .debug_macro   0x0000000000015d02      0x5bc ./Core/Src/main.o
 .debug_macro   0x00000000000162be      0x5c3 ./Core/Src/main.o
 .debug_macro   0x0000000000016881      0x1cb ./Core/Src/main.o
 .debug_macro   0x0000000000016a4c      0x114 ./Core/Src/main.o
 .debug_macro   0x0000000000016b60      0x230 ./Core/Src/main.o
 .debug_macro   0x0000000000016d90       0x27 ./Core/Src/main.o
 .debug_macro   0x0000000000016db7      0x144 ./Core/Src/main.o
 .debug_macro   0x0000000000016efb      0x1bc ./Core/Src/main.o
 .debug_macro   0x00000000000170b7       0x30 ./Core/Src/main.o
 .debug_macro   0x00000000000170e7       0x3c ./Core/Src/main.o
 .debug_macro   0x0000000000017123      0x236 ./Core/Src/main.o
 .debug_macro   0x0000000000017359       0x87 ./Core/Src/main.o
 .debug_macro   0x00000000000173e0      0x2c5 ./Core/Src/main.o
 .debug_macro   0x00000000000176a5      0x140 ./Core/Src/main.o
 .debug_macro   0x00000000000177e5      0x8ed ./Core/Src/main.o
 .debug_macro   0x00000000000180d2      0x109 ./Core/Src/main.o
 .debug_macro   0x00000000000181db       0x18 ./Core/Src/main.o
 .debug_macro   0x00000000000181f3       0x52 ./Core/Src/main.o
 .debug_macro   0x0000000000018245       0x3c ./Core/Src/main.o
 .debug_macro   0x0000000000018281       0x34 ./Core/Src/main.o
 .debug_macro   0x00000000000182b5       0x16 ./Core/Src/main.o
 .debug_macro   0x00000000000182cb       0x35 ./Core/Src/main.o
 .debug_macro   0x0000000000018300       0x16 ./Core/Src/main.o
 .debug_macro   0x0000000000018316       0x43 ./Core/Src/main.o
 .debug_macro   0x0000000000018359       0x34 ./Core/Src/main.o
 .debug_macro   0x000000000001838d       0x10 ./Core/Src/main.o
 .debug_macro   0x000000000001839d       0x58 ./Core/Src/main.o
 .debug_macro   0x00000000000183f5       0x71 ./Core/Src/main.o
 .debug_macro   0x0000000000018466       0x1c ./Core/Src/main.o
 .debug_macro   0x0000000000018482      0x12a ./Core/Src/main.o
 .debug_macro   0x00000000000185ac      0x341 ./Core/Src/main.o
 .debug_macro   0x00000000000188ed       0x16 ./Core/Src/main.o
 .debug_macro   0x0000000000018903       0x29 ./Core/Src/main.o
 .debug_macro   0x000000000001892c       0x1c ./Core/Src/main.o
 .debug_macro   0x0000000000018948       0x10 ./Core/Src/main.o
 .debug_macro   0x0000000000018958       0x10 ./Core/Src/main.o
 .debug_macro   0x0000000000018968       0x1c ./Core/Src/main.o
 .debug_macro   0x0000000000018984       0x52 ./Core/Src/main.o
 .debug_macro   0x00000000000189d6       0x22 ./Core/Src/main.o
 .debug_macro   0x00000000000189f8       0x10 ./Core/Src/main.o
 .debug_macro   0x0000000000018a08       0x52 ./Core/Src/main.o
 .debug_macro   0x0000000000018a5a       0xd5 ./Core/Src/main.o
 .debug_macro   0x0000000000018b2f       0x1c ./Core/Src/main.o
 .debug_macro   0x0000000000018b4b       0x3d ./Core/Src/main.o
 .debug_macro   0x0000000000018b88       0x16 ./Core/Src/main.o
 .debug_macro   0x0000000000018b9e      0x145 ./Core/Src/main.o
 .debug_macro   0x0000000000018ce3       0x16 ./Core/Src/main.o
 .debug_macro   0x0000000000018cf9       0x20 ./Core/Src/main.o
 .debug_macro   0x0000000000018d19       0x16 ./Core/Src/main.o
 .debug_macro   0x0000000000018d2f       0x16 ./Core/Src/main.o
 .debug_macro   0x0000000000018d45       0x16 ./Core/Src/main.o
 .debug_macro   0x0000000000018d5b      0x144 ./Core/Src/main.o
 .debug_macro   0x0000000000018e9f      0x100 ./Core/Src/main.o
 .debug_macro   0x0000000000018f9f      0x3b0 ./Core/Src/stm32f1xx_hal_msp.o
 .debug_macro   0x000000000001934f      0x3ba ./Core/Src/stm32f1xx_it.o
 .debug_macro   0x0000000000019709       0xff ./Core/Src/sysmem.o
 .debug_macro   0x0000000000019808      0x23b ./Core/Src/sysmem.o
 .debug_macro   0x0000000000019a43      0x1aa ./Core/Src/system_stm32f1xx.o
 .debug_macro   0x0000000000019bed      0x1ce ./Drivers/STM32F1xx_HAL_Driver/Src/stm32f1xx_hal.o
 .debug_macro   0x0000000000019dbb      0x1aa ./Drivers/STM32F1xx_HAL_Driver/Src/stm32f1xx_hal_cortex.o
 .debug_macro   0x0000000000019f65      0x215 ./Drivers/STM32F1xx_HAL_Driver/Src/stm32f1xx_hal_gpio.o
 .debug_macro   0x000000000001a17a      0x1bc ./Drivers/STM32F1xx_HAL_Driver/Src/stm32f1xx_hal_rcc.o
 .debug_macro   0x000000000001a336      0x1ab ./Drivers/STM32F1xx_HAL_Driver/Src/stm32f1xx_hal_tim.o
 .debug_macro   0x000000000001a4e1      0x1aa ./Drivers/STM32F1xx_HAL_Driver/Src/stm32f1xx_hal_tim_ex.o
 .debug_macro   0x000000000001a68b      0x139 ./GLCD/ArialFont.o
 .debug_macro   0x000000000001a7c4       0x10 ./GLCD/ArialFont.o
 .debug_macro   0x000000000001a7d4      0x139 ./GLCD/ArialFont22pt.o
 .debug_macro   0x000000000001a90d      0x139 ./GLCD/ArialFont30pt.o
 .debug_macro   0x000000000001aa46      0x3a1 ./GLCD/GLCD.o
 .debug_macro   0x000000000001ade7       0x11 ./GUI_Images/Common/MainBG.o
 .debug_macro   0x000000000001adf8       0x17 ./GUI_Images/Common/arrowdown.o
 .debug_macro   0x000000000001ae0f       0x17 ./GUI_Images/Common/arrowup.o

.debug_line     0x0000000000000000     0xd485
 .debug_line    0x0000000000000000     0x14bf ./Core/Src/main.o
 .debug_line    0x00000000000014bf      0x948 ./Core/Src/stm32f1xx_hal_msp.o
 .debug_line    0x0000000000001e07      0x9c7 ./Core/Src/stm32f1xx_it.o
 .debug_line    0x00000000000027ce      0x4e5 ./Core/Src/sysmem.o
 .debug_line    0x0000000000002cb3      0x6e3 ./Core/Src/system_stm32f1xx.o
 .debug_line    0x0000000000003396       0x86 ./Core/Startup/startup_stm32f103vgtx.o
 .debug_line    0x000000000000341c      0x910 ./Drivers/STM32F1xx_HAL_Driver/Src/stm32f1xx_hal.o
 .debug_line    0x0000000000003d2c      0xbfb ./Drivers/STM32F1xx_HAL_Driver/Src/stm32f1xx_hal_cortex.o
 .debug_line    0x0000000000004927      0x9d1 ./Drivers/STM32F1xx_HAL_Driver/Src/stm32f1xx_hal_gpio.o
 .debug_line    0x00000000000052f8      0xd1c ./Drivers/STM32F1xx_HAL_Driver/Src/stm32f1xx_hal_rcc.o
 .debug_line    0x0000000000006014     0x365b ./Drivers/STM32F1xx_HAL_Driver/Src/stm32f1xx_hal_tim.o
 .debug_line    0x000000000000966f     0x1930 ./Drivers/STM32F1xx_HAL_Driver/Src/stm32f1xx_hal_tim_ex.o
 .debug_line    0x000000000000af9f      0x505 ./GLCD/ArialFont.o
 .debug_line    0x000000000000b4a4      0x50d ./GLCD/ArialFont22pt.o
 .debug_line    0x000000000000b9b1      0x50d ./GLCD/ArialFont30pt.o
 .debug_line    0x000000000000bebe     0x1509 ./GLCD/GLCD.o
 .debug_line    0x000000000000d3c7       0x3e ./GUI_Images/Common/MainBG.o
 .debug_line    0x000000000000d405       0x41 ./GUI_Images/Common/arrowdown.o
 .debug_line    0x000000000000d446       0x3f ./GUI_Images/Common/arrowup.o

.debug_str      0x0000000000000000    0x9cdfe
 .debug_str     0x0000000000000000    0x9a1b3 ./Core/Src/main.o
                                      0x9a528 (size before relaxing)
 .debug_str     0x000000000009a1b3      0x3d2 ./Core/Src/stm32f1xx_hal_msp.o
                                      0x9a038 (size before relaxing)
 .debug_str     0x000000000009a585       0xec ./Core/Src/stm32f1xx_it.o
                                      0x99c32 (size before relaxing)
 .debug_str     0x000000000009a671      0x4da ./Core/Src/sysmem.o
                                       0x5d58 (size before relaxing)
 .debug_str     0x000000000009ab4b       0x7e ./Core/Src/system_stm32f1xx.o
                                      0x94e63 (size before relaxing)
 .debug_str     0x000000000009abc9       0x36 ./Core/Startup/startup_stm32f103vgtx.o
                                         0x72 (size before relaxing)
 .debug_str     0x000000000009abff      0x39e ./Drivers/STM32F1xx_HAL_Driver/Src/stm32f1xx_hal.o
                                      0x956b7 (size before relaxing)
 .debug_str     0x000000000009af9d      0x39f ./Drivers/STM32F1xx_HAL_Driver/Src/stm32f1xx_hal_cortex.o
                                      0x9571c (size before relaxing)
 .debug_str     0x000000000009b33c      0x2e0 ./Drivers/STM32F1xx_HAL_Driver/Src/stm32f1xx_hal_gpio.o
                                      0x951e9 (size before relaxing)
 .debug_str     0x000000000009b61c      0x229 ./Drivers/STM32F1xx_HAL_Driver/Src/stm32f1xx_hal_rcc.o
                                      0x952ac (size before relaxing)
 .debug_str     0x000000000009b845      0xdbd ./Drivers/STM32F1xx_HAL_Driver/Src/stm32f1xx_hal_tim.o
                                      0x96284 (size before relaxing)
 .debug_str     0x000000000009c602      0x493 ./Drivers/STM32F1xx_HAL_Driver/Src/stm32f1xx_hal_tim_ex.o
                                      0x95aa0 (size before relaxing)
 .debug_str     0x000000000009ca95       0x4c ./GLCD/ArialFont.o
                                       0x6d97 (size before relaxing)
 .debug_str     0x000000000009cae1       0x47 ./GLCD/ArialFont22pt.o
                                       0x6da0 (size before relaxing)
 .debug_str     0x000000000009cb28       0x47 ./GLCD/ArialFont30pt.o
                                       0x6da0 (size before relaxing)
 .debug_str     0x000000000009cb6f      0x228 ./GLCD/GLCD.o
                                      0x9968f (size before relaxing)
 .debug_str     0x000000000009cd97       0x1e ./GUI_Images/Common/MainBG.o
                                       0x2cc6 (size before relaxing)
 .debug_str     0x000000000009cdb5       0x2a ./GUI_Images/Common/arrowdown.o
                                       0x2cd5 (size before relaxing)
 .debug_str     0x000000000009cddf       0x1f ./GUI_Images/Common/arrowup.o
                                       0x2cd1 (size before relaxing)

.comment        0x0000000000000000       0x50
 .comment       0x0000000000000000       0x50 ./Core/Src/main.o
                                         0x51 (size before relaxing)
 .comment       0x0000000000000050       0x51 ./Core/Src/stm32f1xx_hal_msp.o
 .comment       0x0000000000000050       0x51 ./Core/Src/stm32f1xx_it.o
 .comment       0x0000000000000050       0x51 ./Core/Src/sysmem.o
 .comment       0x0000000000000050       0x51 ./Core/Src/system_stm32f1xx.o
 .comment       0x0000000000000050       0x51 ./Drivers/STM32F1xx_HAL_Driver/Src/stm32f1xx_hal.o
 .comment       0x0000000000000050       0x51 ./Drivers/STM32F1xx_HAL_Driver/Src/stm32f1xx_hal_cortex.o
 .comment       0x0000000000000050       0x51 ./Drivers/STM32F1xx_HAL_Driver/Src/stm32f1xx_hal_gpio.o
 .comment       0x0000000000000050       0x51 ./Drivers/STM32F1xx_HAL_Driver/Src/stm32f1xx_hal_rcc.o
 .comment       0x0000000000000050       0x51 ./Drivers/STM32F1xx_HAL_Driver/Src/stm32f1xx_hal_tim.o
 .comment       0x0000000000000050       0x51 ./Drivers/STM32F1xx_HAL_Driver/Src/stm32f1xx_hal_tim_ex.o
 .comment       0x0000000000000050       0x51 ./GLCD/ArialFont.o
 .comment       0x0000000000000050       0x51 ./GLCD/ArialFont22pt.o
 .comment       0x0000000000000050       0x51 ./GLCD/ArialFont30pt.o
 .comment       0x0000000000000050       0x51 ./GLCD/GLCD.o
 .comment       0x0000000000000050       0x51 ./GUI_Images/Common/MainBG.o
 .comment       0x0000000000000050       0x51 ./GUI_Images/Common/arrowdown.o
 .comment       0x0000000000000050       0x51 ./GUI_Images/Common/arrowup.o

.debug_frame    0x0000000000000000     0x35cc
 .debug_frame   0x0000000000000000      0x568 ./Core/Src/main.o
 .debug_frame   0x0000000000000568       0x80 ./Core/Src/stm32f1xx_hal_msp.o
 .debug_frame   0x00000000000005e8      0x120 ./Core/Src/stm32f1xx_it.o
 .debug_frame   0x0000000000000708       0x34 ./Core/Src/sysmem.o
 .debug_frame   0x000000000000073c       0x58 ./Core/Src/system_stm32f1xx.o
 .debug_frame   0x0000000000000794      0x334 ./Drivers/STM32F1xx_HAL_Driver/Src/stm32f1xx_hal.o
 .debug_frame   0x0000000000000ac8      0x498 ./Drivers/STM32F1xx_HAL_Driver/Src/stm32f1xx_hal_cortex.o
 .debug_frame   0x0000000000000f60      0x14c ./Drivers/STM32F1xx_HAL_Driver/Src/stm32f1xx_hal_gpio.o
 .debug_frame   0x00000000000010ac      0x218 ./Drivers/STM32F1xx_HAL_Driver/Src/stm32f1xx_hal_rcc.o
 .debug_frame   0x00000000000012c4     0x11c4 ./Drivers/STM32F1xx_HAL_Driver/Src/stm32f1xx_hal_tim.o
 .debug_frame   0x0000000000002488      0x638 ./Drivers/STM32F1xx_HAL_Driver/Src/stm32f1xx_hal_tim_ex.o
 .debug_frame   0x0000000000002ac0       0x38 ./GLCD/ArialFont.o
 .debug_frame   0x0000000000002af8       0x38 ./GLCD/ArialFont22pt.o
 .debug_frame   0x0000000000002b30       0x38 ./GLCD/ArialFont30pt.o
 .debug_frame   0x0000000000002b68      0x498 ./GLCD/GLCD.o
 .debug_frame   0x0000000000003000       0x20 c:/st/stm32cubeide_1.9.0/stm32cubeide/plugins/com.st.stm32cube.ide.mcu.externaltools.gnu-tools-for-stm32.10.3-2021.10.win32_1.0.0.202111181127/tools/bin/../lib/gcc/arm-none-eabi/10.3.1/../../../../arm-none-eabi/lib/thumb/v7-m/nofp\libc_nano.a(lib_a-errno.o)
 .debug_frame   0x0000000000003020       0x2c c:/st/stm32cubeide_1.9.0/stm32cubeide/plugins/com.st.stm32cube.ide.mcu.externaltools.gnu-tools-for-stm32.10.3-2021.10.win32_1.0.0.202111181127/tools/bin/../lib/gcc/arm-none-eabi/10.3.1/../../../../arm-none-eabi/lib/thumb/v7-m/nofp\libc_nano.a(lib_a-init.o)
 .debug_frame   0x000000000000304c       0x28 c:/st/stm32cubeide_1.9.0/stm32cubeide/plugins/com.st.stm32cube.ide.mcu.externaltools.gnu-tools-for-stm32.10.3-2021.10.win32_1.0.0.202111181127/tools/bin/../lib/gcc/arm-none-eabi/10.3.1/../../../../arm-none-eabi/lib/thumb/v7-m/nofp\libc_nano.a(lib_a-memcpy-stub.o)
 .debug_frame   0x0000000000003074       0x20 c:/st/stm32cubeide_1.9.0/stm32cubeide/plugins/com.st.stm32cube.ide.mcu.externaltools.gnu-tools-for-stm32.10.3-2021.10.win32_1.0.0.202111181127/tools/bin/../lib/gcc/arm-none-eabi/10.3.1/../../../../arm-none-eabi/lib/thumb/v7-m/nofp\libc_nano.a(lib_a-memset.o)
 .debug_frame   0x0000000000003094       0x6c c:/st/stm32cubeide_1.9.0/stm32cubeide/plugins/com.st.stm32cube.ide.mcu.externaltools.gnu-tools-for-stm32.10.3-2021.10.win32_1.0.0.202111181127/tools/bin/../lib/gcc/arm-none-eabi/10.3.1/../../../../arm-none-eabi/lib/thumb/v7-m/nofp\libc_nano.a(lib_a-sprintf.o)
 .debug_frame   0x0000000000003100       0x90 c:/st/stm32cubeide_1.9.0/stm32cubeide/plugins/com.st.stm32cube.ide.mcu.externaltools.gnu-tools-for-stm32.10.3-2021.10.win32_1.0.0.202111181127/tools/bin/../lib/gcc/arm-none-eabi/10.3.1/../../../../arm-none-eabi/lib/thumb/v7-m/nofp\libc_nano.a(lib_a-nano-svfprintf.o)
 .debug_frame   0x0000000000003190       0x60 c:/st/stm32cubeide_1.9.0/stm32cubeide/plugins/com.st.stm32cube.ide.mcu.externaltools.gnu-tools-for-stm32.10.3-2021.10.win32_1.0.0.202111181127/tools/bin/../lib/gcc/arm-none-eabi/10.3.1/../../../../arm-none-eabi/lib/thumb/v7-m/nofp\libc_nano.a(lib_a-nano-vfprintf_i.o)
 .debug_frame   0x00000000000031f0       0x28 c:/st/stm32cubeide_1.9.0/stm32cubeide/plugins/com.st.stm32cube.ide.mcu.externaltools.gnu-tools-for-stm32.10.3-2021.10.win32_1.0.0.202111181127/tools/bin/../lib/gcc/arm-none-eabi/10.3.1/../../../../arm-none-eabi/lib/thumb/v7-m/nofp\libc_nano.a(lib_a-memchr-stub.o)
 .debug_frame   0x0000000000003218       0x28 c:/st/stm32cubeide_1.9.0/stm32cubeide/plugins/com.st.stm32cube.ide.mcu.externaltools.gnu-tools-for-stm32.10.3-2021.10.win32_1.0.0.202111181127/tools/bin/../lib/gcc/arm-none-eabi/10.3.1/../../../../arm-none-eabi/lib/thumb/v7-m/nofp\libc_nano.a(lib_a-memmove.o)
 .debug_frame   0x0000000000003240       0x38 c:/st/stm32cubeide_1.9.0/stm32cubeide/plugins/com.st.stm32cube.ide.mcu.externaltools.gnu-tools-for-stm32.10.3-2021.10.win32_1.0.0.202111181127/tools/bin/../lib/gcc/arm-none-eabi/10.3.1/../../../../arm-none-eabi/lib/thumb/v7-m/nofp\libc_nano.a(lib_a-nano-freer.o)
 .debug_frame   0x0000000000003278       0x4c c:/st/stm32cubeide_1.9.0/stm32cubeide/plugins/com.st.stm32cube.ide.mcu.externaltools.gnu-tools-for-stm32.10.3-2021.10.win32_1.0.0.202111181127/tools/bin/../lib/gcc/arm-none-eabi/10.3.1/../../../../arm-none-eabi/lib/thumb/v7-m/nofp\libc_nano.a(lib_a-nano-mallocr.o)
 .debug_frame   0x00000000000032c4       0x3c c:/st/stm32cubeide_1.9.0/stm32cubeide/plugins/com.st.stm32cube.ide.mcu.externaltools.gnu-tools-for-stm32.10.3-2021.10.win32_1.0.0.202111181127/tools/bin/../lib/gcc/arm-none-eabi/10.3.1/../../../../arm-none-eabi/lib/thumb/v7-m/nofp\libc_nano.a(lib_a-nano-reallocr.o)
 .debug_frame   0x0000000000003300       0x2c c:/st/stm32cubeide_1.9.0/stm32cubeide/plugins/com.st.stm32cube.ide.mcu.externaltools.gnu-tools-for-stm32.10.3-2021.10.win32_1.0.0.202111181127/tools/bin/../lib/gcc/arm-none-eabi/10.3.1/../../../../arm-none-eabi/lib/thumb/v7-m/nofp\libc_nano.a(lib_a-sbrkr.o)
 .debug_frame   0x000000000000332c       0x30 c:/st/stm32cubeide_1.9.0/stm32cubeide/plugins/com.st.stm32cube.ide.mcu.externaltools.gnu-tools-for-stm32.10.3-2021.10.win32_1.0.0.202111181127/tools/bin/../lib/gcc/arm-none-eabi/10.3.1/../../../../arm-none-eabi/lib/thumb/v7-m/nofp\libc_nano.a(lib_a-mlock.o)
 .debug_frame   0x000000000000335c       0x20 c:/st/stm32cubeide_1.9.0/stm32cubeide/plugins/com.st.stm32cube.ide.mcu.externaltools.gnu-tools-for-stm32.10.3-2021.10.win32_1.0.0.202111181127/tools/bin/../lib/gcc/arm-none-eabi/10.3.1/../../../../arm-none-eabi/lib/thumb/v7-m/nofp\libc_nano.a(lib_a-nano-msizer.o)
 .debug_frame   0x000000000000337c       0x5c c:/st/stm32cubeide_1.9.0/stm32cubeide/plugins/com.st.stm32cube.ide.mcu.externaltools.gnu-tools-for-stm32.10.3-2021.10.win32_1.0.0.202111181127/tools/bin/../lib/gcc/arm-none-eabi/10.3.1/../../../../arm-none-eabi/lib/thumb/v7-m/nofp\libc_nano.a(lib_a-reent.o)
 .debug_frame   0x00000000000033d8       0xb0 c:/st/stm32cubeide_1.9.0/stm32cubeide/plugins/com.st.stm32cube.ide.mcu.externaltools.gnu-tools-for-stm32.10.3-2021.10.win32_1.0.0.202111181127/tools/bin/../lib/gcc/arm-none-eabi/10.3.1/../../../../arm-none-eabi/lib/thumb/v7-m/nofp\libc_nano.a(lib_a-lock.o)
 .debug_frame   0x0000000000003488       0xac c:/st/stm32cubeide_1.9.0/stm32cubeide/plugins/com.st.stm32cube.ide.mcu.externaltools.gnu-tools-for-stm32.10.3-2021.10.win32_1.0.0.202111181127/tools/bin/../lib/gcc/arm-none-eabi/10.3.1/thumb/v7-m/nofp\libgcc.a(_arm_addsubdf3.o)
 .debug_frame   0x0000000000003534       0x50 c:/st/stm32cubeide_1.9.0/stm32cubeide/plugins/com.st.stm32cube.ide.mcu.externaltools.gnu-tools-for-stm32.10.3-2021.10.win32_1.0.0.202111181127/tools/bin/../lib/gcc/arm-none-eabi/10.3.1/thumb/v7-m/nofp\libgcc.a(_arm_muldivdf3.o)
 .debug_frame   0x0000000000003584       0x24 c:/st/stm32cubeide_1.9.0/stm32cubeide/plugins/com.st.stm32cube.ide.mcu.externaltools.gnu-tools-for-stm32.10.3-2021.10.win32_1.0.0.202111181127/tools/bin/../lib/gcc/arm-none-eabi/10.3.1/thumb/v7-m/nofp\libgcc.a(_arm_truncdfsf2.o)
 .debug_frame   0x00000000000035a8       0x24 c:/st/stm32cubeide_1.9.0/stm32cubeide/plugins/com.st.stm32cube.ide.mcu.externaltools.gnu-tools-for-stm32.10.3-2021.10.win32_1.0.0.202111181127/tools/bin/../lib/gcc/arm-none-eabi/10.3.1/thumb/v7-m/nofp\libgcc.a(_arm_fixunssfsi.o)
