../Core/Src/main.c:116:6:delayus	24	static
../Core/Src/main.c:124:6:LH_signal	16	static
../Core/Src/main.c:131:6:write_bit	16	static
../Core/Src/main.c:138:6:write_byte	24	static
../Core/Src/main.c:143:13:A9_as_INPUT	24	static
../Core/Src/main.c:152:13:A9_as_OUTPUT	24	static
../Core/Src/main.c:162:9:read_bit	16	static
../Core/Src/main.c:172:9:read_byte	16	static
../Core/Src/main.c:179:6:A9_wait_for_1	16	static
../Core/Src/main.c:187:6:reset	8	static
../Core/Src/main.c:190:9:get_presence	16	static
../Core/Src/main.c:204:7:get_temperature	32	static
../Core/Src/main.c:224:6:send_ID	24	static
../Core/Src/main.c:232:7:get_temperature_with_ID	32	static
../Core/Src/main.c:246:10:slen	24	static
../Core/Src/main.c:252:6:add_txt	16	static
../Core/Src/main.c:260:7:my_utoa	32	static
../Core/Src/main.c:279:7:my_ftoa	40	static
../Core/Src/main.c:319:6:HAL_TIM_PeriodElapsedCallback	24	static
../Core/Src/main.c:340:5:main	64	static
../Core/Src/main.c:434:6:SystemClock_Config	72	static
../Core/Src/main.c:474:13:MX_TIM2_Init	32	static
../Core/Src/main.c:519:13:MX_TIM3_Init	32	static
../Core/Src/main.c:564:13:MX_GPIO_Init	40	static
../Core/Src/main.c:648:6:SetTemperatureBasedOnInput	16	static
../Core/Src/main.c:656:9:GetHourIndex	24	static
../Core/Src/main.c:680:6:ThermoAdjucment	16	static
../Core/Src/main.c:691:6:SyncStateAndSetPoints	16	static
../Core/Src/main.c:709:6:ReadKey	24	static
../Core/Src/main.c:772:6:ShowTemperature	80	static
../Core/Src/main.c:781:6:ShowDateAndTime	112	static
../Core/Src/main.c:788:6:ShowMode	16	static
../Core/Src/main.c:793:6:LcdPageOne	16	static
../Core/Src/main.c:801:6:table_item	56	static
../Core/Src/main.c:825:6:LcdDailySchedule	64	static
../Core/Src/main.c:874:6:LcdGiveFeedback	48	static
../Core/Src/main.c:908:6:Error_Handler	4	static,ignoring_inline_asm
